Archive member included to satisfy reference by file (symbol)

libbb/lib.a(appletlib.o)      /root/buildroot-2021.05.1/output/host/x86_64-buildroot-linux-uclibc/sysroot/usr/lib/../lib64/Scrt1.o (main)
libbb/lib.a(compare_string_array.o)
                              libbb/lib.a(appletlib.o) (is_prefixed_with)
libbb/lib.a(concat_path_file.o)
                              libbb/lib.a(appletlib.o) (concat_path_file)
libbb/lib.a(default_error_retval.o)
                              libbb/lib.a(appletlib.o) (xfunc_error_retval)
libbb/lib.a(get_last_path_component.o)
                              libbb/lib.a(appletlib.o) (bb_basename)
libbb/lib.a(last_char_is.o)   libbb/lib.a(concat_path_file.o) (last_char_is)
libbb/lib.a(messages.o)       libbb/lib.a(appletlib.o) (bb_busybox_exec_path)
libbb/lib.a(perror_msg.o)     libbb/lib.a(appletlib.o) (bb_simple_perror_msg)
libbb/lib.a(ptr_to_globals.o)
                              libbb/lib.a(appletlib.o) (bb_errno)
libbb/lib.a(verror_msg.o)     libbb/lib.a(perror_msg.o) (bb_verror_msg)
libbb/lib.a(xfunc_die.o)      libbb/lib.a(appletlib.o) (xfunc_die)
libbb/lib.a(xfuncs.o)         libbb/lib.a(appletlib.o) (full_write1_str)
libbb/lib.a(xfuncs_printf.o)  libbb/lib.a(verror_msg.o) (fflush_all)
libbb/lib.a(xreadlink.o)      libbb/lib.a(appletlib.o) (xmalloc_readlink)
libbb/lib.a(copyfd.o)         libbb/lib.a(xfuncs_printf.o) (bb_copyfd_eof)
libbb/lib.a(full_write.o)     libbb/lib.a(verror_msg.o) (full_write)
libbb/lib.a(read.o)           libbb/lib.a(copyfd.o) (safe_read)
libbb/lib.a(safe_write.o)     libbb/lib.a(full_write.o) (safe_write)
libbb/lib.a(signals.o)        libbb/lib.a(xfuncs_printf.o) (kill_myself_with_sig)
libbb/lib.a(time.o)           libbb/lib.a(xfuncs_printf.o) (monotonic_us)
libbb/lib.a(xgetcwd.o)        libbb/lib.a(xreadlink.o) (xrealloc_getcwd_or_warn)
libbb/lib.a(bb_strtonum.o)    libbb/lib.a(time.o) (bb_strtoll)
loginutils/lib.a(addgroup.o)  libbb/lib.a(appletlib.o) (addgroup_main)
loginutils/lib.a(adduser.o)   libbb/lib.a(appletlib.o) (adduser_main)
loginutils/lib.a(cryptpw.o)   libbb/lib.a(appletlib.o) (cryptpw_main)
loginutils/lib.a(deluser.o)   libbb/lib.a(appletlib.o) (deluser_main)
loginutils/lib.a(getty.o)     libbb/lib.a(appletlib.o) (getty_main)
loginutils/lib.a(login.o)     libbb/lib.a(appletlib.o) (login_main)
loginutils/lib.a(passwd.o)    libbb/lib.a(appletlib.o) (passwd_main)
loginutils/lib.a(su.o)        libbb/lib.a(appletlib.o) (su_main)
loginutils/lib.a(sulogin.o)   libbb/lib.a(appletlib.o) (sulogin_main)
loginutils/lib.a(vlock.o)     libbb/lib.a(appletlib.o) (vlock_main)
miscutils/lib.a(bc.o)         libbb/lib.a(appletlib.o) (bc_main)
miscutils/lib.a(crond.o)      libbb/lib.a(appletlib.o) (crond_main)
miscutils/lib.a(crontab.o)    libbb/lib.a(appletlib.o) (crontab_main)
miscutils/lib.a(devmem.o)     libbb/lib.a(appletlib.o) (devmem_main)
miscutils/lib.a(hdparm.o)     libbb/lib.a(appletlib.o) (hdparm_main)
miscutils/lib.a(hexedit.o)    libbb/lib.a(appletlib.o) (hexedit_main)
miscutils/lib.a(i2c_tools.o)  libbb/lib.a(appletlib.o) (i2cget_main)
miscutils/lib.a(less.o)       libbb/lib.a(appletlib.o) (less_main)
miscutils/lib.a(lsscsi.o)     libbb/lib.a(appletlib.o) (lsscsi_main)
miscutils/lib.a(makedevs.o)   libbb/lib.a(appletlib.o) (makedevs_main)
miscutils/lib.a(microcom.o)   libbb/lib.a(appletlib.o) (microcom_main)
miscutils/lib.a(mt.o)         libbb/lib.a(appletlib.o) (mt_main)
miscutils/lib.a(partprobe.o)  libbb/lib.a(appletlib.o) (partprobe_main)
miscutils/lib.a(runlevel.o)   libbb/lib.a(appletlib.o) (runlevel_main)
miscutils/lib.a(setfattr.o)   libbb/lib.a(appletlib.o) (setfattr_main)
miscutils/lib.a(setserial.o)  libbb/lib.a(appletlib.o) (setserial_main)
miscutils/lib.a(strings.o)    libbb/lib.a(appletlib.o) (strings_main)
miscutils/lib.a(time.o)       libbb/lib.a(appletlib.o) (time_main)
miscutils/lib.a(ts.o)         libbb/lib.a(appletlib.o) (ts_main)
miscutils/lib.a(ubirename.o)  libbb/lib.a(appletlib.o) (ubirename_main)
miscutils/lib.a(watchdog.o)   libbb/lib.a(appletlib.o) (watchdog_main)
modutils/lib.a(insmod.o)      libbb/lib.a(appletlib.o) (insmod_main)
modutils/lib.a(lsmod.o)       libbb/lib.a(appletlib.o) (lsmod_main)
modutils/lib.a(modprobe.o)    libbb/lib.a(appletlib.o) (modprobe_main)
modutils/lib.a(modutils.o)    modutils/lib.a(modprobe.o) (replace)
modutils/lib.a(rmmod.o)       libbb/lib.a(appletlib.o) (rmmod_main)
networking/lib.a(arp.o)       libbb/lib.a(appletlib.o) (arp_main)
networking/lib.a(arping.o)    libbb/lib.a(appletlib.o) (arping_main)
networking/lib.a(dnsd.o)      libbb/lib.a(appletlib.o) (dnsd_main)
networking/lib.a(ether-wake.o)
                              libbb/lib.a(appletlib.o) (ether_wake_main)
networking/lib.a(hostname.o)  libbb/lib.a(appletlib.o) (hostname_main)
networking/lib.a(ifconfig.o)  libbb/lib.a(appletlib.o) (ifconfig_main)
networking/lib.a(ifupdown.o)  libbb/lib.a(appletlib.o) (ifupdown_main)
networking/lib.a(inetd.o)     libbb/lib.a(appletlib.o) (inetd_main)
[...]
Memory Configuration

Name             Origin             Length             Attributes
*default*        0x0000000000000000 0xffffffffffffffff

Linker script and memory map

LOAD /root/buildroot-2021.05.1/output/host/x86_64-buildroot-linux-uclibc/sysroot/usr/lib/../lib64/Scrt1.o
LOAD /root/buildroot-2021.05.1/output/host/x86_64-buildroot-linux-uclibc/sysroot/usr/lib/../lib64/crti.o
LOAD /root/buildroot-2021.05.1/output/host/lib/gcc/x86_64-buildroot-linux-uclibc/9.4.0/crtbeginS.o
START GROUP
LOAD applets/built-in.o
LOAD archival/lib.a
LOAD archival/libarchive/lib.a
LOAD console-tools/lib.a
LOAD coreutils/lib.a
LOAD coreutils/libcoreutils/lib.a
LOAD debianutils/lib.a
LOAD klibc-utils/lib.a
LOAD e2fsprogs/lib.a
LOAD editors/lib.a
LOAD findutils/lib.a
LOAD init/lib.a
LOAD libbb/lib.a
LOAD libpwdgrp/lib.a
LOAD loginutils/lib.a
LOAD mailutils/lib.a
LOAD miscutils/lib.a
LOAD modutils/lib.a
LOAD networking/lib.a
LOAD networking/libiproute/lib.a
LOAD networking/udhcp/lib.a
LOAD printutils/lib.a
LOAD procps/lib.a
LOAD runit/lib.a
LOAD selinux/lib.a
LOAD shell/lib.a
LOAD sysklogd/lib.a
LOAD util-linux/lib.a
LOAD util-linux/volume_id/lib.a
LOAD archival/built-in.o
LOAD archival/libarchive/built-in.o
LOAD console-tools/built-in.o
LOAD coreutils/built-in.o
LOAD coreutils/libcoreutils/built-in.o
LOAD debianutils/built-in.o
LOAD klibc-utils/built-in.o
LOAD e2fsprogs/built-in.o
LOAD editors/built-in.o
LOAD findutils/built-in.o
LOAD init/built-in.o
LOAD libbb/built-in.o
LOAD libpwdgrp/built-in.o
LOAD loginutils/built-in.o
LOAD mailutils/built-in.o
LOAD miscutils/built-in.o
LOAD modutils/built-in.o
LOAD networking/built-in.o
LOAD networking/libiproute/built-in.o
LOAD networking/udhcp/built-in.o
LOAD printutils/built-in.o
LOAD procps/built-in.o
LOAD runit/built-in.o
LOAD selinux/built-in.o
LOAD shell/built-in.o
LOAD sysklogd/built-in.o
LOAD util-linux/built-in.o
LOAD util-linux/volume_id/built-in.o
END GROUP
START GROUP
END GROUP
LOAD /root/buildroot-2021.05.1/output/host/lib/gcc/x86_64-buildroot-linux-uclibc/9.4.0/libgcc.a
LOAD /root/buildroot-2021.05.1/output/host/lib/gcc/x86_64-buildroot-linux-uclibc/9.4.0/libgcc_eh.a
LOAD /root/buildroot-2021.05.1/output/host/x86_64-buildroot-linux-uclibc/sysroot/usr/lib/../lib64/libc.so
START GROUP
LOAD /root/buildroot-2021.05.1/output/host/x86_64-buildroot-linux-uclibc/sysroot/lib/libc.so.1
LOAD /root/buildroot-2021.05.1/output/host/x86_64-buildroot-linux-uclibc/sysroot/usr/lib/uclibc_nonshared.a
LOAD /root/buildroot-2021.05.1/output/host/x86_64-buildroot-linux-uclibc/sysroot/usr/lib/../lib64/libpthread_nonshared.a
LOAD /root/buildroot-2021.05.1/output/host/x86_64-buildroot-linux-uclibc/sysroot/lib/ld64-uClibc.so.1
END GROUP
LOAD /root/buildroot-2021.05.1/output/host/lib/gcc/x86_64-buildroot-linux-uclibc/9.4.0/libgcc.a
LOAD /root/buildroot-2021.05.1/output/host/lib/gcc/x86_64-buildroot-linux-uclibc/9.4.0/libgcc_eh.a
LOAD /root/buildroot-2021.05.1/output/host/lib/gcc/x86_64-buildroot-linux-uclibc/9.4.0/crtendS.o
LOAD /root/buildroot-2021.05.1/output/host/x86_64-buildroot-linux-uclibc/sysroot/usr/lib/../lib64/crtn.o
                [!provide]                        PROVIDE (__executable_start = SEGMENT_START ("text-segment", 0x0))
                0x0000000000000238                . = (SEGMENT_START ("text-segment", 0x0) + SIZEOF_HEADERS)

.interp         0x0000000000000238       0x16
 *(SORT_BY_ALIGNMENT(.interp))
 .interp        0x0000000000000238       0x16 /root/buildroot-2021.05.1/output/host/x86_64-buildroot-linux-uclibc/sysroot/usr/lib/../lib64/Scrt1.o

.note.gnu.build-id
 *(SORT_BY_ALIGNMENT(.note.gnu.build-id))

.hash           0x0000000000000250      0x9ac
 *(SORT_BY_ALIGNMENT(.hash))
 .hash          0x0000000000000250      0x9ac /root/buildroot-2021.05.1/output/host/x86_64-buildroot-linux-uclibc/sysroot/usr/lib/../lib64/Scrt1.o

.gnu.hash       0x0000000000000c00       0xb4
 *(SORT_BY_ALIGNMENT(.gnu.hash))
 .gnu.hash      0x0000000000000c00       0xb4 /root/buildroot-2021.05.1/output/host/x86_64-buildroot-linux-uclibc/sysroot/usr/lib/../lib64/Scrt1.o

.dynsym         0x0000000000000cb8     0x2130
 *(SORT_BY_ALIGNMENT(.dynsym))
 .dynsym        0x0000000000000cb8     0x2130 /root/buildroot-2021.05.1/output/host/x86_64-buildroot-linux-uclibc/sysroot/usr/lib/../lib64/Scrt1.o

.dynstr         0x0000000000002de8      0xbd6
 *(SORT_BY_ALIGNMENT(.dynstr))
 .dynstr        0x0000000000002de8      0xbd6 /root/buildroot-2021.05.1/output/host/x86_64-buildroot-linux-uclibc/sysroot/usr/lib/../lib64/Scrt1.o

.gnu.version    0x00000000000039be        0x0
 *(SORT_BY_ALIGNMENT(.gnu.version))
 .gnu.version   0x00000000000039be        0x0 /root/buildroot-2021.05.1/output/host/x86_64-buildroot-linux-uclibc/sysroot/usr/lib/../lib64/Scrt1.o

.gnu.version_d  0x00000000000039c0        0x0
 *(SORT_BY_ALIGNMENT(.gnu.version_d))
 .gnu.version_d
                0x00000000000039c0        0x0 /root/buildroot-2021.05.1/output/host/x86_64-buildroot-linux-uclibc/sysroot/usr/lib/../lib64/Scrt1.o

.gnu.version_r  0x00000000000039c0        0x0
 *(SORT_BY_ALIGNMENT(.gnu.version_r))
 .gnu.version_r
                0x00000000000039c0        0x0 /root/buildroot-2021.05.1/output/host/x86_64-buildroot-linux-uclibc/sysroot/usr/lib/../lib64/Scrt1.o

.rela.dyn       0x00000000000039c0     0x5130
 *(SORT_BY_ALIGNMENT(.rela.init))
 *(SORT_BY_ALIGNMENT(.rela.text) SORT_BY_ALIGNMENT(.rela.text.*) SORT_BY_ALIGNMENT(.rela.gnu.linkonce.t.*))
 .rela.text.bb_show_usage
                0x00000000000039c0        0x0 /root/buildroot-2021.05.1/output/host/x86_64-buildroot-linux-uclibc/sysroot/usr/lib/../lib64/Scrt1.o
 .rela.text.scripted_main
                0x00000000000039c0        0x0 /root/buildroot-2021.05.1/output/host/x86_64-buildroot-linux-uclibc/sysroot/usr/lib/../lib64/Scrt1.o
 .rela.text.lbb_prepare
                0x00000000000039c0        0x0 /root/buildroot-2021.05.1/output/host/x86_64-buildroot-linux-uclibc/sysroot/usr/lib/../lib64/Scrt1.o
 .rela.text.run_applet_no_and_exit
                0x00000000000039c0        0x0 /root/buildroot-2021.05.1/output/host/x86_64-buildroot-linux-uclibc/sysroot/usr/lib/../lib64/Scrt1.o
 .rela.text.run_applet_and_exit
                0x00000000000039c0        0x0 /root/buildroot-2021.05.1/output/host/x86_64-buildroot-linux-uclibc/sysroot/usr/lib/../lib64/Scrt1.o
 .rela.text.main
                0x00000000000039c0        0x0 /root/buildroot-2021.05.1/output/host/x86_64-buildroot-linux-uclibc/sysroot/usr/lib/../lib64/Scrt1.o
 .rela.text.bb_perror_msg
                0x00000000000039c0        0x0 /root/buildroot-2021.05.1/output/host/x86_64-buildroot-linux-uclibc/sysroot/usr/lib/../lib64/Scrt1.o
 .rela.text.bb_perror_msg_and_die
                0x00000000000039c0        0x0 /root/buildroot-2021.05.1/output/host/x86_64-buildroot-linux-uclibc/sysroot/usr/lib/../lib64/Scrt1.o
 .rela.text.bb_verror_msg
                0x00000000000039c0        0x0 /root/buildroot-2021.05.1/output/host/x86_64-buildroot-linux-uclibc/sysroot/usr/lib/../lib64/Scrt1.o
 .rela.text.xfunc_die
                0x00000000000039c0        0x0 /root/buildroot-2021.05.1/output/host/x86_64-buildroot-linux-uclibc/sysroot/usr/lib/../lib64/Scrt1.o
 .rela.text.hex2bin
                0x00000000000039c0        0x0 /root/buildroot-2021.05.1/output/host/x86_64-buildroot-linux-uclibc/sysroot/usr/lib/../lib64/Scrt1.o
 .rela.text.safe_waitpid
                0x00000000000039c0        0x0 /root/buildroot-2021.05.1/output/host/x86_64-buildroot-linux-uclibc/sysroot/usr/lib/../lib64/Scrt1.o
 .rela.text.die_if_ferror_stdout
                0x00000000000039c0        0x0 /root/buildroot-2021.05.1/output/host/x86_64-buildroot-linux-uclibc/sysroot/usr/lib/../lib64/Scrt1.o
 .rela.text.bb_putchar
                0x00000000000039c0        0x0 /root/buildroot-2021.05.1/output/host/x86_64-buildroot-linux-uclibc/sysroot/usr/lib/../lib64/Scrt1.o
 .rela.text.ioctl_or_perror_and_die
                0x00000000000039c0        0x0 /root/buildroot-2021.05.1/output/host/x86_64-buildroot-linux-uclibc/sysroot/usr/lib/../lib64/Scrt1.o
 .rela.text.ioctl_or_perror
                0x00000000000039c0        0x0 /root/buildroot-2021.05.1/output/host/x86_64-buildroot-linux-uclibc/sysroot/usr/lib/../lib64/Scrt1.o
 .rela.text.xmalloc_follow_symlinks
                0x00000000000039c0        0x0 /root/buildroot-2021.05.1/output/host/x86_64-buildroot-linux-uclibc/sysroot/usr/lib/../lib64/Scrt1.o
 .rela.text.xmalloc_readlink_or_warn
                0x00000000000039c0        0x0 /root/buildroot-2021.05.1/output/host/x86_64-buildroot-linux-uclibc/sysroot/usr/lib/../lib64/Scrt1.o
 .rela.text.xmalloc_realpath_coreutils
                0x00000000000039c0        0x0 /root/buildroot-2021.05.1/output/host/x86_64-buildroot-linux-uclibc/sysroot/usr/lib/../lib64/Scrt1.o
 .rela.text.safe_read
                0x00000000000039c0        0x0 /root/buildroot-2021.05.1/output/host/x86_64-buildroot-linux-uclibc/sysroot/usr/lib/../lib64/Scrt1.o
 .rela.text.safe_write
                0x00000000000039c0        0x0 /root/buildroot-2021.05.1/output/host/x86_64-buildroot-linux-uclibc/sysroot/usr/lib/../lib64/Scrt1.o
 .rela.text.record_signo
                0x00000000000039c0        0x0 /root/buildroot-2021.05.1/output/host/x86_64-buildroot-linux-uclibc/sysroot/usr/lib/../lib64/Scrt1.o
 .rela.text.parse_datestr
                0x00000000000039c0        0x0 /root/buildroot-2021.05.1/output/host/x86_64-buildroot-linux-uclibc/sysroot/usr/lib/../lib64/Scrt1.o
 .rela.text.xrealloc_getcwd_or_warn
                0x00000000000039c0        0x0 /root/buildroot-2021.05.1/output/host/x86_64-buildroot-linux-uclibc/sysroot/usr/lib/../lib64/Scrt1.o
 .rela.text.handle_errors.isra.0
                0x00000000000039c0        0x0 /root/buildroot-2021.05.1/output/host/x86_64-buildroot-linux-uclibc/sysroot/usr/lib/../lib64/Scrt1.o
 .rela.text.bb_strtoull
                0x00000000000039c0        0x0 /root/buildroot-2021.05.1/output/host/x86_64-buildroot-linux-uclibc/sysroot/usr/lib/../lib64/Scrt1.o
 .rela.text.bb_strtoll
                0x00000000000039c0        0x0 /root/buildroot-2021.05.1/output/host/x86_64-buildroot-linux-uclibc/sysroot/usr/lib/../lib64/Scrt1.o
 .rela.text.bb_strtou
                0x00000000000039c0        0x0 /root/buildroot-2021.05.1/output/host/x86_64-buildroot-linux-uclibc/sysroot/usr/lib/../lib64/Scrt1.o
 .rela.text.bb_strtoi
                0x00000000000039c0        0x0 /root/buildroot-2021.05.1/output/host/x86_64-buildroot-linux-uclibc/sysroot/usr/lib/../lib64/Scrt1.o
 .rela.text.addgroup_main
                0x00000000000039c0        0x0 /root/buildroot-2021.05.1/output/host/x86_64-buildroot-linux-uclibc/sysroot/usr/lib/../lib64/Scrt1.o
 .rela.text.adduser_main
                0x00000000000039c0        0x0 /root/buildroot-2021.05.1/output/host/x86_64-buildroot-linux-uclibc/sysroot/usr/lib/../lib64/Scrt1.o
 .rela.text.cryptpw_main
                0x00000000000039c0        0x0 /root/buildroot-2021.05.1/output/host/x86_64-buildroot-linux-uclibc/sysroot/usr/lib/../lib64/Scrt1.o
 .rela.text.deluser_main
                0x00000000000039c0        0x0 /root/buildroot-2021.05.1/output/host/x86_64-buildroot-linux-uclibc/sysroot/usr/lib/../lib64/Scrt1.o
 .rela.text.set_tty_attrs
                0x00000000000039c0        0x0 /root/buildroot-2021.05.1/output/host/x86_64-buildroot-linux-uclibc/sysroot/usr/lib/../lib64/Scrt1.o
 .rela.text.finalize_tty_attrs
                0x00000000000039c0        0x0 /root/buildroot-2021.05.1/output/host/x86_64-buildroot-linux-uclibc/sysroot/usr/lib/../lib64/Scrt1.o
 .rela.text.getty_main
                0x00000000000039c0        0x0 /root/buildroot-2021.05.1/output/host/x86_64-buildroot-linux-uclibc/sysroot/usr/lib/../lib64/Scrt1.o
 .rela.text.alarm_handler
                0x00000000000039c0        0x0 /root/buildroot-2021.05.1/output/host/x86_64-buildroot-linux-uclibc/sysroot/usr/lib/../lib64/Scrt1.o
 .rela.text.login_main
                0x00000000000039c0        0x0 /root/buildroot-2021.05.1/output/host/x86_64-buildroot-linux-uclibc/sysroot/usr/lib/../lib64/Scrt1.o
 .rela.text.passwd_main
                0x00000000000039c0        0x0 /root/buildroot-2021.05.1/output/host/x86_64-buildroot-linux-uclibc/sysroot/usr/lib/../lib64/Scrt1.o
 .rela.text.su_main
                0x00000000000039c0        0x0 /root/buildroot-2021.05.1/output/host/x86_64-buildroot-linux-uclibc/sysroot/usr/lib/../lib64/Scrt1.o
 .rela.text.sulogin_main
                0x00000000000039c0        0x0 /root/buildroot-2021.05.1/output/host/x86_64-buildroot-linux-uclibc/sysroot/usr/lib/../lib64/Scrt1.o
 .rela.text.release_vt
                0x00000000000039c0        0x0 /root/buildroot-2021.05.1/output/host/x86_64-buildroot-linux-uclibc/sysroot/usr/lib/../lib64/Scrt1.o
 .rela.text.vlock_main
                0x00000000000039c0        0x0 /root/buildroot-2021.05.1/output/host/x86_64-buildroot-linux-uclibc/sysroot/usr/lib/../lib64/Scrt1.o
 .rela.text.xc_program_func
                0x00000000000039c0        0x0 /root/buildroot-2021.05.1/output/host/x86_64-buildroot-linux-uclibc/sysroot/usr/lib/../lib64/Scrt1.o
 .rela.text.bc_program_current_func
                0x00000000000039c0        0x0 /root/buildroot-2021.05.1/output/host/x86_64-buildroot-linux-uclibc/sysroot/usr/lib/../lib64/Scrt1.o
 .rela.text.xc_program_str
                0x00000000000039c0        0x0 /root/buildroot-2021.05.1/output/host/x86_64-buildroot-linux-uclibc/sysroot/usr/lib/../lib64/Scrt1.o
 .rela.text.xc_lex_lineComment
                0x00000000000039c0        0x0 /root/buildroot-2021.05.1/output/host/x86_64-buildroot-linux-uclibc/sysroot/usr/lib/../lib64/Scrt1.o
 .rela.text.xc_lex_whitespace
                0x00000000000039c0        0x0 /root/buildroot-2021.05.1/output/host/x86_64-buildroot-linux-uclibc/sysroot/usr/lib/../lib64/Scrt1.o
 .rela.text.parse_lex_by_checking_eq_sign
                0x00000000000039c0        0x0 /root/buildroot-2021.05.1/output/host/x86_64-buildroot-linux-uclibc/sysroot/usr/lib/../lib64/Scrt1.o
 .rela.text.xc_program_reset
                0x00000000000039c0        0x0 /root/buildroot-2021.05.1/output/host/x86_64-buildroot-linux-uclibc/sysroot/usr/lib/../lib64/Scrt1.o
 .rela.text.rewrite_label_to_current
                0x00000000000039c0        0x0 /root/buildroot-2021.05.1/output/host/x86_64-buildroot-linux-uclibc/sysroot/usr/lib/../lib64/Scrt1.o
 .rela.text.xc_parse_create
                0x00000000000039c0        0x0 /root/buildroot-2021.05.1/output/host/x86_64-buildroot-linux-uclibc/sysroot/usr/lib/../lib64/Scrt1.o
 .rela.text.xc_parse_free
                0x00000000000039c0        0x0 /root/buildroot-2021.05.1/output/host/x86_64-buildroot-linux-uclibc/sysroot/usr/lib/../lib64/Scrt1.o
 .rela.text.bc_result_pop_and_push
                0x00000000000039c0        0x0 /root/buildroot-2021.05.1/output/host/x86_64-buildroot-linux-uclibc/sysroot/usr/lib/../lib64/Scrt1.o
 .rela.text.xc_program_binOpRetire
                0x00000000000039c0        0x0 /root/buildroot-2021.05.1/output/host/x86_64-buildroot-linux-uclibc/sysroot/usr/lib/../lib64/Scrt1.o
 .rela.text.xc_program_add_fn
                0x00000000000039c0        0x0 /root/buildroot-2021.05.1/output/host/x86_64-buildroot-linux-uclibc/sysroot/usr/lib/../lib64/Scrt1.o
 .rela.text.bc_args
                0x00000000000039c0        0x0 /root/buildroot-2021.05.1/output/host/x86_64-buildroot-linux-uclibc/sysroot/usr/lib/../lib64/Scrt1.o
 .rela.text.bc_verror_msg
                0x00000000000039c0        0x0 /root/buildroot-2021.05.1/output/host/x86_64-buildroot-linux-uclibc/sysroot/usr/lib/../lib64/Scrt1.o
 .rela.text.zbc_posix_error_fmt
                0x00000000000039c0        0x0 /root/buildroot-2021.05.1/output/host/x86_64-buildroot-linux-uclibc/sysroot/usr/lib/../lib64/Scrt1.o
 .rela.text.bc_error_fmt
                0x00000000000039c0        0x0 /root/buildroot-2021.05.1/output/host/x86_64-buildroot-linux-uclibc/sysroot/usr/lib/../lib64/Scrt1.o
 .rela.text.zdc_program_assignStr
                0x00000000000039c0        0x0 /root/buildroot-2021.05.1/output/host/x86_64-buildroot-linux-uclibc/sysroot/usr/lib/../lib64/Scrt1.o
 .rela.text.xc_parse_pushName
                0x00000000000039c0        0x0 /root/buildroot-2021.05.1/output/host/x86_64-buildroot-linux-uclibc/sysroot/usr/lib/../lib64/Scrt1.o
 .rela.text.xc_lex_name
                0x00000000000039c0        0x0 /root/buildroot-2021.05.1/output/host/x86_64-buildroot-linux-uclibc/sysroot/usr/lib/../lib64/Scrt1.o
 .rela.text.fflush_and_check
                0x00000000000039c0        0x0 /root/buildroot-2021.05.1/output/host/x86_64-buildroot-linux-uclibc/sysroot/usr/lib/../lib64/Scrt1.o
 .rela.text.quit
                0x00000000000039c0        0x0 /root/buildroot-2021.05.1/output/host/x86_64-buildroot-linux-uclibc/sysroot/usr/lib/../lib64/Scrt1.o
 .rela.text.bc_error_at
                0x00000000000039c0        0x0 /root/buildroot-2021.05.1/output/host/x86_64-buildroot-linux-uclibc/sysroot/usr/lib/../lib64/Scrt1.o
 .rela.text.bc_num_printNewline
                0x00000000000039c0        0x0 /root/buildroot-2021.05.1/output/host/x86_64-buildroot-linux-uclibc/sysroot/usr/lib/../lib64/Scrt1.o
 .rela.text.bc_num_printHex
                0x00000000000039c0        0x0 /root/buildroot-2021.05.1/output/host/x86_64-buildroot-linux-uclibc/sysroot/usr/lib/../lib64/Scrt1.o
 .rela.text.bc_num_printDigits
                0x00000000000039c0        0x0 /root/buildroot-2021.05.1/output/host/x86_64-buildroot-linux-uclibc/sysroot/usr/lib/../lib64/Scrt1.o
 .rela.text.dc_num_printChar
                0x00000000000039c0        0x0 /root/buildroot-2021.05.1/output/host/x86_64-buildroot-linux-uclibc/sysroot/usr/lib/../lib64/Scrt1.o
 .rela.text.xc_program_dereference.isra.0
                0x00000000000039c0        0x0 /root/buildroot-2021.05.1/output/host/x86_64-buildroot-linux-uclibc/sysroot/usr/lib/../lib64/Scrt1.o
 .rela.text.zbc_num_k
                0x00000000000039c0        0x0 /root/buildroot-2021.05.1/output/host/x86_64-buildroot-linux-uclibc/sysroot/usr/lib/../lib64/Scrt1.o
 .rela.text.zbc_num_d
                0x00000000000039c0        0x0 /root/buildroot-2021.05.1/output/host/x86_64-buildroot-linux-uclibc/sysroot/usr/lib/../lib64/Scrt1.o
 .rela.text.bc_program_addFunc
                0x00000000000039c0        0x0 /root/buildroot-2021.05.1/output/host/x86_64-buildroot-linux-uclibc/sysroot/usr/lib/../lib64/Scrt1.o
 .rela.text.xc_vm_init
                0x00000000000039c0        0x0 /root/buildroot-2021.05.1/output/host/x86_64-buildroot-linux-uclibc/sysroot/usr/lib/../lib64/Scrt1.o
 .rela.text.xc_program_search
                0x00000000000039c0        0x0 /root/buildroot-2021.05.1/output/host/x86_64-buildroot-linux-uclibc/sysroot/usr/lib/../lib64/Scrt1.o
 .rela.text.xc_program_pushVar
                0x00000000000039c0        0x0 /root/buildroot-2021.05.1/output/host/x86_64-buildroot-linux-uclibc/sysroot/usr/lib/../lib64/Scrt1.o
 .rela.text.zxc_program_num
                0x00000000000039c0        0x0 /root/buildroot-2021.05.1/output/host/x86_64-buildroot-linux-uclibc/sysroot/usr/lib/../lib64/Scrt1.o
 .rela.text.zxc_program_binOpPrep
                0x00000000000039c0        0x0 /root/buildroot-2021.05.1/output/host/x86_64-buildroot-linux-uclibc/sysroot/usr/lib/../lib64/Scrt1.o
 .rela.text.zxc_program_prep
                0x00000000000039c0        0x0 /root/buildroot-2021.05.1/output/host/x86_64-buildroot-linux-uclibc/sysroot/usr/lib/../lib64/Scrt1.o
 .rela.text.xc_program_print
                0x00000000000039c0        0x0 /root/buildroot-2021.05.1/output/host/x86_64-buildroot-linux-uclibc/sysroot/usr/lib/../lib64/Scrt1.o
 .rela.text.zxc_program_assign
                0x00000000000039c0        0x0 /root/buildroot-2021.05.1/output/host/x86_64-buildroot-linux-uclibc/sysroot/usr/lib/../lib64/Scrt1.o
 .rela.text.xc_read_line
                0x00000000000039c0        0x0 /root/buildroot-2021.05.1/output/host/x86_64-buildroot-linux-uclibc/sysroot/usr/lib/../lib64/Scrt1.o
 .rela.text.peek_inbuf
                0x00000000000039c0        0x0 /root/buildroot-2021.05.1/output/host/x86_64-buildroot-linux-uclibc/sysroot/usr/lib/../lib64/Scrt1.o
 .rela.text.eat_inbuf
                0x00000000000039c0        0x0 /root/buildroot-2021.05.1/output/host/x86_64-buildroot-linux-uclibc/sysroot/usr/lib/../lib64/Scrt1.o
 .rela.text.zxc_lex_number
                0x00000000000039c0        0x0 /root/buildroot-2021.05.1/output/host/x86_64-buildroot-linux-uclibc/sysroot/usr/lib/../lib64/Scrt1.o
 .rela.text.xc_parse_push
                0x00000000000039c0        0x0 /root/buildroot-2021.05.1/output/host/x86_64-buildroot-linux-uclibc/sysroot/usr/lib/../lib64/Scrt1.o
 .rela.text.bc_parse_operator
                0x00000000000039c0        0x0 /root/buildroot-2021.05.1/output/host/x86_64-buildroot-linux-uclibc/sysroot/usr/lib/../lib64/Scrt1.o
 .rela.text.xc_parse_pushInst_and_Index
                0x00000000000039c0        0x0 /root/buildroot-2021.05.1/output/host/x86_64-buildroot-linux-uclibc/sysroot/usr/lib/../lib64/Scrt1.o
 .rela.text.xc_parse_pushNUM
                0x00000000000039c0        0x0 /root/buildroot-2021.05.1/output/host/x86_64-buildroot-linux-uclibc/sysroot/usr/lib/../lib64/Scrt1.o
 .rela.text.zxc_program_popResultAndCopyToVar
                0x00000000000039c0        0x0 /root/buildroot-2021.05.1/output/host/x86_64-buildroot-linux-uclibc/sysroot/usr/lib/../lib64/Scrt1.o
 .rela.text.zxc_lex_next
                0x00000000000039c0        0x0 /root/buildroot-2021.05.1/output/host/x86_64-buildroot-linux-uclibc/sysroot/usr/lib/../lib64/Scrt1.o
 .rela.text.zxc_parse_text_init
                0x00000000000039c0        0x0 /root/buildroot-2021.05.1/output/host/x86_64-buildroot-linux-uclibc/sysroot/usr/lib/../lib64/Scrt1.o
 .rela.text.zbc_parse_pushSTR
                0x00000000000039c0        0x0 /root/buildroot-2021.05.1/output/host/x86_64-buildroot-linux-uclibc/sysroot/usr/lib/../lib64/Scrt1.o
 .rela.text.zdc_parse_register
                0x00000000000039c0        0x0 /root/buildroot-2021.05.1/output/host/x86_64-buildroot-linux-uclibc/sysroot/usr/lib/../lib64/Scrt1.o
 .rela.text.zdc_parse_expr
                0x00000000000039c0        0x0 /root/buildroot-2021.05.1/output/host/x86_64-buildroot-linux-uclibc/sysroot/usr/lib/../lib64/Scrt1.o
 .rela.text.zdc_parse_exprs_until_eof
                0x00000000000039c0        0x0 /root/buildroot-2021.05.1/output/host/x86_64-buildroot-linux-uclibc/sysroot/usr/lib/../lib64/Scrt1.o
 .rela.text.zbc_parse_expr
                0x00000000000039c0        0x0 /root/buildroot-2021.05.1/output/host/x86_64-buildroot-linux-uclibc/sysroot/usr/lib/../lib64/Scrt1.o
 .rela.text.zbc_parse_name
                0x00000000000039c0        0x0 /root/buildroot-2021.05.1/output/host/x86_64-buildroot-linux-uclibc/sysroot/usr/lib/../lib64/Scrt1.o
 .rela.text.zbc_parse_stmt_possibly_auto
                0x00000000000039c0        0x0 /root/buildroot-2021.05.1/output/host/x86_64-buildroot-linux-uclibc/sysroot/usr/lib/../lib64/Scrt1.o
 .rela.text.zbc_parse_stmt_allow_NLINE_before
                0x00000000000039c0        0x0 /root/buildroot-2021.05.1/output/host/x86_64-buildroot-linux-uclibc/sysroot/usr/lib/../lib64/Scrt1.o
 .rela.text.zxc_vm_process
                0x00000000000039c0        0x0 /root/buildroot-2021.05.1/output/host/x86_64-buildroot-linux-uclibc/sysroot/usr/lib/../lib64/Scrt1.o
 .rela.text.zxc_vm_execute_FILE
                0x00000000000039c0        0x0 /root/buildroot-2021.05.1/output/host/x86_64-buildroot-linux-uclibc/sysroot/usr/lib/../lib64/Scrt1.o
 .rela.text.zxc_vm_exec
                0x00000000000039c0        0x0 /root/buildroot-2021.05.1/output/host/x86_64-buildroot-linux-uclibc/sysroot/usr/lib/../lib64/Scrt1.o
 .rela.text.bc_main
                0x00000000000039c0        0x0 /root/buildroot-2021.05.1/output/host/x86_64-buildroot-linux-uclibc/sysroot/usr/lib/../lib64/Scrt1.o
 .rela.text.dc_main
                0x00000000000039c0        0x0 /root/buildroot-2021.05.1/output/host/x86_64-buildroot-linux-uclibc/sysroot/usr/lib/../lib64/Scrt1.o
 .rela.text.log8
                0x00000000000039c0        0x0 /root/buildroot-2021.05.1/output/host/x86_64-buildroot-linux-uclibc/sysroot/usr/lib/../lib64/Scrt1.o
 .rela.text.reopen_logfile_to_stderr
                0x00000000000039c0        0x0 /root/buildroot-2021.05.1/output/host/x86_64-buildroot-linux-uclibc/sysroot/usr/lib/../lib64/Scrt1.o
 .rela.text.delete_cronfile
                0x00000000000039c0        0x0 /root/buildroot-2021.05.1/output/host/x86_64-buildroot-linux-uclibc/sysroot/usr/lib/../lib64/Scrt1.o
 .rela.text.ParseField
                0x00000000000039c0        0x0 /root/buildroot-2021.05.1/output/host/x86_64-buildroot-linux-uclibc/sysroot/usr/lib/../lib64/Scrt1.o
 .rela.text.log7.constprop.0
                0x00000000000039c0        0x0 /root/buildroot-2021.05.1/output/host/x86_64-buildroot-linux-uclibc/sysroot/usr/lib/../lib64/Scrt1.o
 .rela.text.log5
                0x00000000000039c0        0x0 /root/buildroot-2021.05.1/output/host/x86_64-buildroot-linux-uclibc/sysroot/usr/lib/../lib64/Scrt1.o
 .rela.text.load_crontab
                0x00000000000039c0        0x0 /root/buildroot-2021.05.1/output/host/x86_64-buildroot-linux-uclibc/sysroot/usr/lib/../lib64/Scrt1.o
 .rela.text.rescan_crontab_dir
                0x00000000000039c0        0x0 /root/buildroot-2021.05.1/output/host/x86_64-buildroot-linux-uclibc/sysroot/usr/lib/../lib64/Scrt1.o
 .rela.text.start_one_job
                0x00000000000039c0        0x0 /root/buildroot-2021.05.1/output/host/x86_64-buildroot-linux-uclibc/sysroot/usr/lib/../lib64/Scrt1.o
 .rela.text.start_jobs
                0x00000000000039c0        0x0 /root/buildroot-2021.05.1/output/host/x86_64-buildroot-linux-uclibc/sysroot/usr/lib/../lib64/Scrt1.o
 .rela.text.crond_main
                0x00000000000039c0        0x0 /root/buildroot-2021.05.1/output/host/x86_64-buildroot-linux-uclibc/sysroot/usr/lib/../lib64/Scrt1.o
 .rela.text.crontab_main
                0x00000000000039c0        0x0 /root/buildroot-2021.05.1/output/host/x86_64-buildroot-linux-uclibc/sysroot/usr/lib/../lib64/Scrt1.o
 .rela.text.devmem_main
                0x00000000000039c0        0x0 /root/buildroot-2021.05.1/output/host/x86_64-buildroot-linux-uclibc/sysroot/usr/lib/../lib64/Scrt1.o
 .rela.text.parse_opts
                0x00000000000039c0        0x0 /root/buildroot-2021.05.1/output/host/x86_64-buildroot-linux-uclibc/sysroot/usr/lib/../lib64/Scrt1.o
 .rela.text.translate_xfermode
                0x00000000000039c0        0x0 /root/buildroot-2021.05.1/output/host/x86_64-buildroot-linux-uclibc/sysroot/usr/lib/../lib64/Scrt1.o
 .rela.text.flush_buffer_cache
                0x00000000000039c0        0x0 /root/buildroot-2021.05.1/output/host/x86_64-buildroot-linux-uclibc/sysroot/usr/lib/../lib64/Scrt1.o
 .rela.text.process_dev
                0x00000000000039c0        0x0 /root/buildroot-2021.05.1/output/host/x86_64-buildroot-linux-uclibc/sysroot/usr/lib/../lib64/Scrt1.o
 .rela.text.hdparm_main
                0x00000000000039c0        0x0 /root/buildroot-2021.05.1/output/host/x86_64-buildroot-linux-uclibc/sysroot/usr/lib/../lib64/Scrt1.o
 .rela.text.format_line
                0x00000000000039c0        0x0 /root/buildroot-2021.05.1/output/host/x86_64-buildroot-linux-uclibc/sysroot/usr/lib/../lib64/Scrt1.o
 .rela.text.redraw_cur_line
                0x00000000000039c0        0x0 /root/buildroot-2021.05.1/output/host/x86_64-buildroot-linux-uclibc/sysroot/usr/lib/../lib64/Scrt1.o
 .rela.text.redraw
                0x00000000000039c0        0x0 /root/buildroot-2021.05.1/output/host/x86_64-buildroot-linux-uclibc/sysroot/usr/lib/../lib64/Scrt1.o
 .rela.text.restore_term
                0x00000000000039c0        0x0 /root/buildroot-2021.05.1/output/host/x86_64-buildroot-linux-uclibc/sysroot/usr/lib/../lib64/Scrt1.o
 .rela.text.sig_catcher
                0x00000000000039c0        0x0 /root/buildroot-2021.05.1/output/host/x86_64-buildroot-linux-uclibc/sysroot/usr/lib/../lib64/Scrt1.o
 .rela.text.remap
                0x00000000000039c0        0x0 /root/buildroot-2021.05.1/output/host/x86_64-buildroot-linux-uclibc/sysroot/usr/lib/../lib64/Scrt1.o
 .rela.text.move_mapping_further
                0x00000000000039c0        0x0 /root/buildroot-2021.05.1/output/host/x86_64-buildroot-linux-uclibc/sysroot/usr/lib/../lib64/Scrt1.o
 .rela.text.move_mapping_lower
                0x00000000000039c0        0x0 /root/buildroot-2021.05.1/output/host/x86_64-buildroot-linux-uclibc/sysroot/usr/lib/../lib64/Scrt1.o
 .rela.text.hexedit_main
                0x00000000000039c0        0x0 /root/buildroot-2021.05.1/output/host/x86_64-buildroot-linux-uclibc/sysroot/usr/lib/../lib64/Scrt1.o
 .rela.text.i2c_dev_open
                0x00000000000039c0        0x0 /root/buildroot-2021.05.1/output/host/x86_64-buildroot-linux-uclibc/sysroot/usr/lib/../lib64/Scrt1.o
 .rela.text.confirm_or_abort
                0x00000000000039c0        0x0 /root/buildroot-2021.05.1/output/host/x86_64-buildroot-linux-uclibc/sysroot/usr/lib/../lib64/Scrt1.o
 .rela.text.i2cget_main
                0x00000000000039c0        0x0 /root/buildroot-2021.05.1/output/host/x86_64-buildroot-linux-uclibc/sysroot/usr/lib/../lib64/Scrt1.o
 .rela.text.i2cset_main
                0x00000000000039c0        0x0 /root/buildroot-2021.05.1/output/host/x86_64-buildroot-linux-uclibc/sysroot/usr/lib/../lib64/Scrt1.o
 .rela.text.i2cdump_main
                0x00000000000039c0        0x0 /root/buildroot-2021.05.1/output/host/x86_64-buildroot-linux-uclibc/sysroot/usr/lib/../lib64/Scrt1.o
 .rela.text.i2cdetect_main
                0x00000000000039c0        0x0 /root/buildroot-2021.05.1/output/host/x86_64-buildroot-linux-uclibc/sysroot/usr/lib/../lib64/Scrt1.o
 .rela.text.i2ctransfer_main
                0x00000000000039c0        0x0 /root/buildroot-2021.05.1/output/host/x86_64-buildroot-linux-uclibc/sysroot/usr/lib/../lib64/Scrt1.o
 .rela.text.at_end
                0x00000000000039c0        0x0 /root/buildroot-2021.05.1/output/host/x86_64-buildroot-linux-uclibc/sysroot/usr/lib/../lib64/Scrt1.o
 .rela.text.safe_lineno
                0x00000000000039c0        0x0 /root/buildroot-2021.05.1/output/host/x86_64-buildroot-linux-uclibc/sysroot/usr/lib/../lib64/Scrt1.o
 .rela.text.set_tty_cooked
                0x00000000000039c0        0x0 /root/buildroot-2021.05.1/output/host/x86_64-buildroot-linux-uclibc/sysroot/usr/lib/../lib64/Scrt1.o
 .rela.text.clear_line
                0x00000000000039c0        0x0 /root/buildroot-2021.05.1/output/host/x86_64-buildroot-linux-uclibc/sysroot/usr/lib/../lib64/Scrt1.o
 .rela.text.less_exit
                0x00000000000039c0        0x0 /root/buildroot-2021.05.1/output/host/x86_64-buildroot-linux-uclibc/sysroot/usr/lib/../lib64/Scrt1.o
 .rela.text.print_statusline
                0x00000000000039c0        0x0 /root/buildroot-2021.05.1/output/host/x86_64-buildroot-linux-uclibc/sysroot/usr/lib/../lib64/Scrt1.o
 .rela.text.fill_match_lines
                0x00000000000039c0        0x0 /root/buildroot-2021.05.1/output/host/x86_64-buildroot-linux-uclibc/sysroot/usr/lib/../lib64/Scrt1.o
 .rela.text.read_lines
                0x00000000000039c0        0x0 /root/buildroot-2021.05.1/output/host/x86_64-buildroot-linux-uclibc/sysroot/usr/lib/../lib64/Scrt1.o
 .rela.text.goto_lineno
                0x00000000000039c0        0x0 /root/buildroot-2021.05.1/output/host/x86_64-buildroot-linux-uclibc/sysroot/usr/lib/../lib64/Scrt1.o
 .rela.text.cap_cur_fline
                0x00000000000039c0        0x0 /root/buildroot-2021.05.1/output/host/x86_64-buildroot-linux-uclibc/sysroot/usr/lib/../lib64/Scrt1.o
 .rela.text.update_num_lines
                0x00000000000039c0        0x0 /root/buildroot-2021.05.1/output/host/x86_64-buildroot-linux-uclibc/sysroot/usr/lib/../lib64/Scrt1.o
 .rela.text.m_status_print
                0x00000000000039c0        0x0 /root/buildroot-2021.05.1/output/host/x86_64-buildroot-linux-uclibc/sysroot/usr/lib/../lib64/Scrt1.o
 .rela.text.status_print
                0x00000000000039c0        0x0 /root/buildroot-2021.05.1/output/host/x86_64-buildroot-linux-uclibc/sysroot/usr/lib/../lib64/Scrt1.o
 .rela.text.buffer_print
                0x00000000000039c0        0x0 /root/buildroot-2021.05.1/output/host/x86_64-buildroot-linux-uclibc/sysroot/usr/lib/../lib64/Scrt1.o
 .rela.text.buffer_fill_and_print
                0x00000000000039c0        0x0 /root/buildroot-2021.05.1/output/host/x86_64-buildroot-linux-uclibc/sysroot/usr/lib/../lib64/Scrt1.o
 .rela.text.reinitialize
                0x00000000000039c0        0x0 /root/buildroot-2021.05.1/output/host/x86_64-buildroot-linux-uclibc/sysroot/usr/lib/../lib64/Scrt1.o
 .rela.text.change_file
                0x00000000000039c0        0x0 /root/buildroot-2021.05.1/output/host/x86_64-buildroot-linux-uclibc/sysroot/usr/lib/../lib64/Scrt1.o
 .rela.text.buffer_down
                0x00000000000039c0        0x0 /root/buildroot-2021.05.1/output/host/x86_64-buildroot-linux-uclibc/sysroot/usr/lib/../lib64/Scrt1.o
 .rela.text.buffer_up
                0x00000000000039c0        0x0 /root/buildroot-2021.05.1/output/host/x86_64-buildroot-linux-uclibc/sysroot/usr/lib/../lib64/Scrt1.o
 .rela.text.buffer_to_line
                0x00000000000039c0        0x0 /root/buildroot-2021.05.1/output/host/x86_64-buildroot-linux-uclibc/sysroot/usr/lib/../lib64/Scrt1.o
 .rela.text.goto_match
                0x00000000000039c0        0x0 /root/buildroot-2021.05.1/output/host/x86_64-buildroot-linux-uclibc/sysroot/usr/lib/../lib64/Scrt1.o
 .rela.text.getch_nowait
                0x00000000000039c0        0x0 /root/buildroot-2021.05.1/output/host/x86_64-buildroot-linux-uclibc/sysroot/usr/lib/../lib64/Scrt1.o
 .rela.text.less_getch
                0x00000000000039c0        0x0 /root/buildroot-2021.05.1/output/host/x86_64-buildroot-linux-uclibc/sysroot/usr/lib/../lib64/Scrt1.o
 .rela.text.less_gets
                0x00000000000039c0        0x0 /root/buildroot-2021.05.1/output/host/x86_64-buildroot-linux-uclibc/sysroot/usr/lib/../lib64/Scrt1.o
 .rela.text.examine_file
                0x00000000000039c0        0x0 /root/buildroot-2021.05.1/output/host/x86_64-buildroot-linux-uclibc/sysroot/usr/lib/../lib64/Scrt1.o
 .rela.text.regex_process
                0x00000000000039c0        0x0 /root/buildroot-2021.05.1/output/host/x86_64-buildroot-linux-uclibc/sysroot/usr/lib/../lib64/Scrt1.o
 .rela.text.less_main
                0x00000000000039c0        0x0 /root/buildroot-2021.05.1/output/host/x86_64-buildroot-linux-uclibc/sysroot/usr/lib/../lib64/Scrt1.o
 .rela.text.lsscsi_main
                0x00000000000039c0        0x0 /root/buildroot-2021.05.1/output/host/x86_64-buildroot-linux-uclibc/sysroot/usr/lib/../lib64/Scrt1.o
 .rela.text.makedevs_main
                0x00000000000039c0        0x0 /root/buildroot-2021.05.1/output/host/x86_64-buildroot-linux-uclibc/sysroot/usr/lib/../lib64/Scrt1.o
 .rela.text.microcom_main
                0x00000000000039c0        0x0 /root/buildroot-2021.05.1/output/host/x86_64-buildroot-linux-uclibc/sysroot/usr/lib/../lib64/Scrt1.o
 .rela.text.partprobe_main
                0x00000000000039c0        0x0 /root/buildroot-2021.05.1/output/host/x86_64-buildroot-linux-uclibc/sysroot/usr/lib/../lib64/Scrt1.o
 .rela.text.setfattr_main
                0x00000000000039c0        0x0 /root/buildroot-2021.05.1/output/host/x86_64-buildroot-linux-uclibc/sysroot/usr/lib/../lib64/Scrt1.o
 .rela.text.setserial_main
                0x00000000000039c0        0x0 /root/buildroot-2021.05.1/output/host/x86_64-buildroot-linux-uclibc/sysroot/usr/lib/../lib64/Scrt1.o
 .rela.text.strings_main
                0x00000000000039c0        0x0 /root/buildroot-2021.05.1/output/host/x86_64-buildroot-linux-uclibc/sysroot/usr/lib/../lib64/Scrt1.o
 .rela.text.run_command
                0x00000000000039c0        0x0 /root/buildroot-2021.05.1/output/host/x86_64-buildroot-linux-uclibc/sysroot/usr/lib/../lib64/Scrt1.o
 .rela.text.time_main
                0x00000000000039c0        0x0 /root/buildroot-2021.05.1/output/host/x86_64-buildroot-linux-uclibc/sysroot/usr/lib/../lib64/Scrt1.o
 .rela.text.ts_main
                0x00000000000039c0        0x0 /root/buildroot-2021.05.1/output/host/x86_64-buildroot-linux-uclibc/sysroot/usr/lib/../lib64/Scrt1.o
 .rela.text.watchdog_main
                0x00000000000039c0        0x0 /root/buildroot-2021.05.1/output/host/x86_64-buildroot-linux-uclibc/sysroot/usr/lib/../lib64/Scrt1.o
 .rela.text.load_modules_dep
                0x00000000000039c0        0x0 /root/buildroot-2021.05.1/output/host/x86_64-buildroot-linux-uclibc/sysroot/usr/lib/../lib64/Scrt1.o
 .rela.text.get_or_add_modentry
                0x00000000000039c0        0x0 /root/buildroot-2021.05.1/output/host/x86_64-buildroot-linux-uclibc/sysroot/usr/lib/../lib64/Scrt1.o
 .rela.text.add_probe
                0x00000000000039c0        0x0 /root/buildroot-2021.05.1/output/host/x86_64-buildroot-linux-uclibc/sysroot/usr/lib/../lib64/Scrt1.o
 .rela.text.config_file_action
                0x00000000000039c0        0x0 /root/buildroot-2021.05.1/output/host/x86_64-buildroot-linux-uclibc/sysroot/usr/lib/../lib64/Scrt1.o
 .rela.text.do_modprobe
                0x00000000000039c0        0x0 /root/buildroot-2021.05.1/output/host/x86_64-buildroot-linux-uclibc/sysroot/usr/lib/../lib64/Scrt1.o
 .rela.text.modprobe_main
                0x00000000000039c0        0x0 /root/buildroot-2021.05.1/output/host/x86_64-buildroot-linux-uclibc/sysroot/usr/lib/../lib64/Scrt1.o
 .rela.text.bb_init_module
                0x00000000000039c0        0x0 /root/buildroot-2021.05.1/output/host/x86_64-buildroot-linux-uclibc/sysroot/usr/lib/../lib64/Scrt1.o
 .rela.text.bb_delete_module
                0x00000000000039c0        0x0 /root/buildroot-2021.05.1/output/host/x86_64-buildroot-linux-uclibc/sysroot/usr/lib/../lib64/Scrt1.o
 .rela.text.rmmod_main
                0x00000000000039c0        0x0 /root/buildroot-2021.05.1/output/host/x86_64-buildroot-linux-uclibc/sysroot/usr/lib/../lib64/Scrt1.o
 .rela.text.arp_show
                0x00000000000039c0        0x0 /root/buildroot-2021.05.1/output/host/x86_64-buildroot-linux-uclibc/sysroot/usr/lib/../lib64/Scrt1.o
 .rela.text.arp_main
                0x00000000000039c0        0x0 /root/buildroot-2021.05.1/output/host/x86_64-buildroot-linux-uclibc/sysroot/usr/lib/../lib64/Scrt1.o
 .rela.text.finish
                0x00000000000039c0        0x0 /root/buildroot-2021.05.1/output/host/x86_64-buildroot-linux-uclibc/sysroot/usr/lib/../lib64/Scrt1.o
 .rela.text.catcher
                0x00000000000039c0        0x0 /root/buildroot-2021.05.1/output/host/x86_64-buildroot-linux-uclibc/sysroot/usr/lib/../lib64/Scrt1.o
 .rela.text.arping_main
                0x00000000000039c0        0x0 /root/buildroot-2021.05.1/output/host/x86_64-buildroot-linux-uclibc/sysroot/usr/lib/../lib64/Scrt1.o
 .rela.text.dnsd_main
                0x00000000000039c0        0x0 /root/buildroot-2021.05.1/output/host/x86_64-buildroot-linux-uclibc/sysroot/usr/lib/../lib64/Scrt1.o
 .rela.text.ether_wake_main
                0x00000000000039c0        0x0 /root/buildroot-2021.05.1/output/host/x86_64-buildroot-linux-uclibc/sysroot/usr/lib/../lib64/Scrt1.o
 .rela.text.hostname_main
                0x00000000000039c0        0x0 /root/buildroot-2021.05.1/output/host/x86_64-buildroot-linux-uclibc/sysroot/usr/lib/../lib64/Scrt1.o
 .rela.text.doit
                0x00000000000039c0        0x0 /root/buildroot-2021.05.1/output/host/x86_64-buildroot-linux-uclibc/sysroot/usr/lib/../lib64/Scrt1.o
 .rela.text.set_environ
                0x00000000000039c0        0x0 /root/buildroot-2021.05.1/output/host/x86_64-buildroot-linux-uclibc/sysroot/usr/lib/../lib64/Scrt1.o
 .rela.text.ifupdown_main
                0x00000000000039c0        0x0 /root/buildroot-2021.05.1/output/host/x86_64-buildroot-linux-uclibc/sysroot/usr/lib/../lib64/Scrt1.o
 .rela.text.remove_fd_from_set
                0x00000000000039c0        0x0 /root/buildroot-2021.05.1/output/host/x86_64-buildroot-linux-uclibc/sysroot/usr/lib/../lib64/Scrt1.o
 .rela.text.init_ring
                0x00000000000039c0        0x0 /root/buildroot-2021.05.1/output/host/x86_64-buildroot-linux-uclibc/sysroot/usr/lib/../lib64/Scrt1.o
 .rela.text.discard_dg
                0x00000000000039c0        0x0 /root/buildroot-2021.05.1/output/host/x86_64-buildroot-linux-uclibc/sysroot/usr/lib/../lib64/Scrt1.o
 .rela.text.bump_nofile
                0x00000000000039c0        0x0 /root/buildroot-2021.05.1/output/host/x86_64-buildroot-linux-uclibc/sysroot/usr/lib/../lib64/Scrt1.o
 .rela.text.add_fd_to_set
                0x00000000000039c0        0x0 /root/buildroot-2021.05.1/output/host/x86_64-buildroot-linux-uclibc/sysroot/usr/lib/../lib64/Scrt1.o
 .rela.text.clean_up_and_exit
                0x00000000000039c0        0x0 /root/buildroot-2021.05.1/output/host/x86_64-buildroot-linux-uclibc/sysroot/usr/lib/../lib64/Scrt1.o
 .rela.text.reap_child
                0x00000000000039c0        0x0 /root/buildroot-2021.05.1/output/host/x86_64-buildroot-linux-uclibc/sysroot/usr/lib/../lib64/Scrt1.o
 .rela.text.daytime_dg
                0x00000000000039c0        0x0 /root/buildroot-2021.05.1/output/host/x86_64-buildroot-linux-uclibc/sysroot/usr/lib/../lib64/Scrt1.o
 .rela.text.machtime_dg
                0x00000000000039c0        0x0 /root/buildroot-2021.05.1/output/host/x86_64-buildroot-linux-uclibc/sysroot/usr/lib/../lib64/Scrt1.o
 .rela.text.discard_stream
                0x00000000000039c0        0x0 /root/buildroot-2021.05.1/output/host/x86_64-buildroot-linux-uclibc/sysroot/usr/lib/../lib64/Scrt1.o
 .rela.text.echo_stream
                0x00000000000039c0        0x0 /root/buildroot-2021.05.1/output/host/x86_64-buildroot-linux-uclibc/sysroot/usr/lib/../lib64/Scrt1.o
 .rela.text.rearm_alarm
                0x00000000000039c0        0x0 /root/buildroot-2021.05.1/output/host/x86_64-buildroot-linux-uclibc/sysroot/usr/lib/../lib64/Scrt1.o
 .rela.text.prepare_socket_fd
                0x00000000000039c0        0x0 /root/buildroot-2021.05.1/output/host/x86_64-buildroot-linux-uclibc/sysroot/usr/lib/../lib64/Scrt1.o
 .rela.text.retry_network_setup
                0x00000000000039c0        0x0 /root/buildroot-2021.05.1/output/host/x86_64-buildroot-linux-uclibc/sysroot/usr/lib/../lib64/Scrt1.o
 .rela.text.chargen_dg
                0x00000000000039c0        0x0 /root/buildroot-2021.05.1/output/host/x86_64-buildroot-linux-uclibc/sysroot/usr/lib/../lib64/Scrt1.o
 .rela.text.chargen_stream
                0x00000000000039c0        0x0 /root/buildroot-2021.05.1/output/host/x86_64-buildroot-linux-uclibc/sysroot/usr/lib/../lib64/Scrt1.o
 .rela.text.parse_one_line
                0x00000000000039c0        0x0 /root/buildroot-2021.05.1/output/host/x86_64-buildroot-linux-uclibc/sysroot/usr/lib/../lib64/Scrt1.o
 .rela.text.reread_config_file
                0x00000000000039c0        0x0 /root/buildroot-2021.05.1/output/host/x86_64-buildroot-linux-uclibc/sysroot/usr/lib/../lib64/Scrt1.o
 .rela.text.inetd_main
                0x00000000000039c0        0x0 /root/buildroot-2021.05.1/output/host/x86_64-buildroot-linux-uclibc/sysroot/usr/lib/../lib64/Scrt1.o
 .rela.text.do_if_print
                0x00000000000039c0        0x0 /root/buildroot-2021.05.1/output/host/x86_64-buildroot-linux-uclibc/sysroot/usr/lib/../lib64/Scrt1.o
 .rela.text.nameif_main
                0x00000000000039c0        0x0 /root/buildroot-2021.05.1/output/host/x86_64-buildroot-linux-uclibc/sysroot/usr/lib/../lib64/Scrt1.o
 .rela.text.unix_do_one
                0x00000000000039c0        0x0 /root/buildroot-2021.05.1/output/host/x86_64-buildroot-linux-uclibc/sysroot/usr/lib/../lib64/Scrt1.o
 .rela.text.print_inet_line
                0x00000000000039c0        0x0 /root/buildroot-2021.05.1/output/host/x86_64-buildroot-linux-uclibc/sysroot/usr/lib/../lib64/Scrt1.o
 .rela.text.netstat_main
                0x00000000000039c0        0x0 /root/buildroot-2021.05.1/output/host/x86_64-buildroot-linux-uclibc/sysroot/usr/lib/../lib64/Scrt1.o
 .rela.text.add_ns
                0x00000000000039c0        0x0 /root/buildroot-2021.05.1/output/host/x86_64-buildroot-linux-uclibc/sysroot/usr/lib/../lib64/Scrt1.o
 .rela.text.parse_resolvconf
                0x00000000000039c0        0x0 /root/buildroot-2021.05.1/output/host/x86_64-buildroot-linux-uclibc/sysroot/usr/lib/../lib64/Scrt1.o
 .rela.text.add_query
                0x00000000000039c0        0x0 /root/buildroot-2021.05.1/output/host/x86_64-buildroot-linux-uclibc/sysroot/usr/lib/../lib64/Scrt1.o
 .rela.text.add_query_with_search
                0x00000000000039c0        0x0 /root/buildroot-2021.05.1/output/host/x86_64-buildroot-linux-uclibc/sysroot/usr/lib/../lib64/Scrt1.o
 .rela.text.send_queries
                0x00000000000039c0        0x0 /root/buildroot-2021.05.1/output/host/x86_64-buildroot-linux-uclibc/sysroot/usr/lib/../lib64/Scrt1.o
 .rela.text.nslookup_main
                0x00000000000039c0        0x0 /root/buildroot-2021.05.1/output/host/x86_64-buildroot-linux-uclibc/sysroot/usr/lib/../lib64/Scrt1.o
 .rela.text.print_stats_and_exit
                0x00000000000039c0        0x0 /root/buildroot-2021.05.1/output/host/x86_64-buildroot-linux-uclibc/sysroot/usr/lib/../lib64/Scrt1.o
 .rela.text.sendping4
                0x00000000000039c0        0x0 /root/buildroot-2021.05.1/output/host/x86_64-buildroot-linux-uclibc/sysroot/usr/lib/../lib64/Scrt1.o
 .rela.text.ping_main
                0x00000000000039c0        0x0 /root/buildroot-2021.05.1/output/host/x86_64-buildroot-linux-uclibc/sysroot/usr/lib/../lib64/Scrt1.o
 .rela.text.route_main
                0x00000000000039c0        0x0 /root/buildroot-2021.05.1/output/host/x86_64-buildroot-linux-uclibc/sysroot/usr/lib/../lib64/Scrt1.o
 .rela.text.print_qdisc
                0x00000000000039c0        0x0 /root/buildroot-2021.05.1/output/host/x86_64-buildroot-linux-uclibc/sysroot/usr/lib/../lib64/Scrt1.o
 .rela.text.print_class
                0x00000000000039c0        0x0 /root/buildroot-2021.05.1/output/host/x86_64-buildroot-linux-uclibc/sysroot/usr/lib/../lib64/Scrt1.o
 .rela.text.tc_main
                0x00000000000039c0        0x0 /root/buildroot-2021.05.1/output/host/x86_64-buildroot-linux-uclibc/sysroot/usr/lib/../lib64/Scrt1.o
 .rela.text.iac_flush
                0x00000000000039c0        0x0 /root/buildroot-2021.05.1/output/host/x86_64-buildroot-linux-uclibc/sysroot/usr/lib/../lib64/Scrt1.o
 .rela.text.put_iac
                0x00000000000039c0        0x0 /root/buildroot-2021.05.1/output/host/x86_64-buildroot-linux-uclibc/sysroot/usr/lib/../lib64/Scrt1.o
 .rela.text.rawmode
                0x00000000000039c0        0x0 /root/buildroot-2021.05.1/output/host/x86_64-buildroot-linux-uclibc/sysroot/usr/lib/../lib64/Scrt1.o
 .rela.text.cookmode
                0x00000000000039c0        0x0 /root/buildroot-2021.05.1/output/host/x86_64-buildroot-linux-uclibc/sysroot/usr/lib/../lib64/Scrt1.o
 .rela.text.setConMode
                0x00000000000039c0        0x0 /root/buildroot-2021.05.1/output/host/x86_64-buildroot-linux-uclibc/sysroot/usr/lib/../lib64/Scrt1.o
 .rela.text.con_escape
                0x00000000000039c0        0x0 /root/buildroot-2021.05.1/output/host/x86_64-buildroot-linux-uclibc/sysroot/usr/lib/../lib64/Scrt1.o
 .rela.text.handle_net_output
                0x00000000000039c0        0x0 /root/buildroot-2021.05.1/output/host/x86_64-buildroot-linux-uclibc/sysroot/usr/lib/../lib64/Scrt1.o
 .rela.text.telnet_main
                0x00000000000039c0        0x0 /root/buildroot-2021.05.1/output/host/x86_64-buildroot-linux-uclibc/sysroot/usr/lib/../lib64/Scrt1.o
 .rela.text.tftp_blksize_check
                0x00000000000039c0        0x0 /root/buildroot-2021.05.1/output/host/x86_64-buildroot-linux-uclibc/sysroot/usr/lib/../lib64/Scrt1.o
 .rela.text.tftp_main
                0x00000000000039c0        0x0 /root/buildroot-2021.05.1/output/host/x86_64-buildroot-linux-uclibc/sysroot/usr/lib/../lib64/Scrt1.o
 .rela.text.traceroute_init.constprop.0
                0x00000000000039c0        0x0 /root/buildroot-2021.05.1/output/host/x86_64-buildroot-linux-uclibc/sysroot/usr/lib/../lib64/Scrt1.o
 .rela.text.traceroute_main
                0x00000000000039c0        0x0 /root/buildroot-2021.05.1/output/host/x86_64-buildroot-linux-uclibc/sysroot/usr/lib/../lib64/Scrt1.o
 .rela.text.set_alarm
                0x00000000000039c0        0x0 /root/buildroot-2021.05.1/output/host/x86_64-buildroot-linux-uclibc/sysroot/usr/lib/../lib64/Scrt1.o
 .rela.text.open_socket
                0x00000000000039c0        0x0 /root/buildroot-2021.05.1/output/host/x86_64-buildroot-linux-uclibc/sysroot/usr/lib/../lib64/Scrt1.o
 .rela.text.base64enc
                0x00000000000039c0        0x0 /root/buildroot-2021.05.1/output/host/x86_64-buildroot-linux-uclibc/sysroot/usr/lib/../lib64/Scrt1.o
 .rela.text.fgets_trim_sanitize
                0x00000000000039c0        0x0 /root/buildroot-2021.05.1/output/host/x86_64-buildroot-linux-uclibc/sysroot/usr/lib/../lib64/Scrt1.o
 .rela.text.reset_beg_range_to_zero
                0x00000000000039c0        0x0 /root/buildroot-2021.05.1/output/host/x86_64-buildroot-linux-uclibc/sysroot/usr/lib/../lib64/Scrt1.o
 .rela.text.get_sanitized_hdr
                0x00000000000039c0        0x0 /root/buildroot-2021.05.1/output/host/x86_64-buildroot-linux-uclibc/sysroot/usr/lib/../lib64/Scrt1.o
 .rela.text.progress_meter
                0x00000000000039c0        0x0 /root/buildroot-2021.05.1/output/host/x86_64-buildroot-linux-uclibc/sysroot/usr/lib/../lib64/Scrt1.o
 .rela.text.retrieve_file_data
                0x00000000000039c0        0x0 /root/buildroot-2021.05.1/output/host/x86_64-buildroot-linux-uclibc/sysroot/usr/lib/../lib64/Scrt1.o
 .rela.text.ftpcmd
                0x00000000000039c0        0x0 /root/buildroot-2021.05.1/output/host/x86_64-buildroot-linux-uclibc/sysroot/usr/lib/../lib64/Scrt1.o
 .rela.text.wget_main
                0x00000000000039c0        0x0 /root/buildroot-2021.05.1/output/host/x86_64-buildroot-linux-uclibc/sysroot/usr/lib/../lib64/Scrt1.o
 .rela.text.ip_parse_common_args
                0x00000000000039c0        0x0 /root/buildroot-2021.05.1/output/host/x86_64-buildroot-linux-uclibc/sysroot/usr/lib/../lib64/Scrt1.o
 .rela.text.flush_update
                0x00000000000039c0        0x0 /root/buildroot-2021.05.1/output/host/x86_64-buildroot-linux-uclibc/sysroot/usr/lib/../lib64/Scrt1.o
 .rela.text.print_addrinfo
                0x00000000000039c0        0x0 /root/buildroot-2021.05.1/output/host/x86_64-buildroot-linux-uclibc/sysroot/usr/lib/../lib64/Scrt1.o
 .rela.text.print_linkinfo
                0x00000000000039c0        0x0 /root/buildroot-2021.05.1/output/host/x86_64-buildroot-linux-uclibc/sysroot/usr/lib/../lib64/Scrt1.o
 .rela.text.ipaddr_modify
                0x00000000000039c0        0x0 /root/buildroot-2021.05.1/output/host/x86_64-buildroot-linux-uclibc/sysroot/usr/lib/../lib64/Scrt1.o
 .rela.text.ipaddr_list_or_flush
                0x00000000000039c0        0x0 /root/buildroot-2021.05.1/output/host/x86_64-buildroot-linux-uclibc/sysroot/usr/lib/../lib64/Scrt1.o
 .rela.text.do_ipaddr
                0x00000000000039c0        0x0 /root/buildroot-2021.05.1/output/host/x86_64-buildroot-linux-uclibc/sysroot/usr/lib/../lib64/Scrt1.o
 .rela.text.do_iplink
                0x00000000000039c0        0x0 /root/buildroot-2021.05.1/output/host/x86_64-buildroot-linux-uclibc/sysroot/usr/lib/../lib64/Scrt1.o
 .rela.text.ipneigh_list_or_flush
                0x00000000000039c0        0x0 /root/buildroot-2021.05.1/output/host/x86_64-buildroot-linux-uclibc/sysroot/usr/lib/../lib64/Scrt1.o
 .rela.text.print_neigh
                0x00000000000039c0        0x0 /root/buildroot-2021.05.1/output/host/x86_64-buildroot-linux-uclibc/sysroot/usr/lib/../lib64/Scrt1.o
 .rela.text.do_ipneigh
                0x00000000000039c0        0x0 /root/buildroot-2021.05.1/output/host/x86_64-buildroot-linux-uclibc/sysroot/usr/lib/../lib64/Scrt1.o
 .rela.text.iproute_reset_filter
                0x00000000000039c0        0x0 /root/buildroot-2021.05.1/output/host/x86_64-buildroot-linux-uclibc/sysroot/usr/lib/../lib64/Scrt1.o
 .rela.text.print_route
                0x00000000000039c0        0x0 /root/buildroot-2021.05.1/output/host/x86_64-buildroot-linux-uclibc/sysroot/usr/lib/../lib64/Scrt1.o
 .rela.text.iproute_list_or_flush
                0x00000000000039c0        0x0 /root/buildroot-2021.05.1/output/host/x86_64-buildroot-linux-uclibc/sysroot/usr/lib/../lib64/Scrt1.o
 .rela.text.do_iproute
                0x00000000000039c0        0x0 /root/buildroot-2021.05.1/output/host/x86_64-buildroot-linux-uclibc/sysroot/usr/lib/../lib64/Scrt1.o
 .rela.text.iprule_modify
                0x00000000000039c0        0x0 /root/buildroot-2021.05.1/output/host/x86_64-buildroot-linux-uclibc/sysroot/usr/lib/../lib64/Scrt1.o
 .rela.text.print_rule
                0x00000000000039c0        0x0 /root/buildroot-2021.05.1/output/host/x86_64-buildroot-linux-uclibc/sysroot/usr/lib/../lib64/Scrt1.o
 .rela.text.do_iprule
                0x00000000000039c0        0x0 /root/buildroot-2021.05.1/output/host/x86_64-buildroot-linux-uclibc/sysroot/usr/lib/../lib64/Scrt1.o
 .rela.text.print_tunnel
                0x00000000000039c0        0x0 /root/buildroot-2021.05.1/output/host/x86_64-buildroot-linux-uclibc/sysroot/usr/lib/../lib64/Scrt1.o
 .rela.text.do_iptunnel
                0x00000000000039c0        0x0 /root/buildroot-2021.05.1/output/host/x86_64-buildroot-linux-uclibc/sysroot/usr/lib/../lib64/Scrt1.o
 .rela.text.rtnl_send_check
                0x00000000000039c0        0x0 /root/buildroot-2021.05.1/output/host/x86_64-buildroot-linux-uclibc/sysroot/usr/lib/../lib64/Scrt1.o
 .rela.text.xrtnl_dump_filter
                0x00000000000039c0        0x0 /root/buildroot-2021.05.1/output/host/x86_64-buildroot-linux-uclibc/sysroot/usr/lib/../lib64/Scrt1.o
 .rela.text.rtnl_talk
                0x00000000000039c0        0x0 /root/buildroot-2021.05.1/output/host/x86_64-buildroot-linux-uclibc/sysroot/usr/lib/../lib64/Scrt1.o
 .rela.text.ll_proto_a2n
                0x00000000000039c0        0x0 /root/buildroot-2021.05.1/output/host/x86_64-buildroot-linux-uclibc/sysroot/usr/lib/../lib64/Scrt1.o
 .rela.text.get_prefix
                0x00000000000039c0        0x0 /root/buildroot-2021.05.1/output/host/x86_64-buildroot-linux-uclibc/sysroot/usr/lib/../lib64/Scrt1.o
 .rela.text.init_packet
                0x00000000000039c0        0x0 /root/buildroot-2021.05.1/output/host/x86_64-buildroot-linux-uclibc/sysroot/usr/lib/../lib64/Scrt1.o
 .rela.text.add_client_options
                0x00000000000039c0        0x0 /root/buildroot-2021.05.1/output/host/x86_64-buildroot-linux-uclibc/sysroot/usr/lib/../lib64/Scrt1.o
 .rela.text.raw_bcast_from_client_data_ifindex
                0x00000000000039c0        0x0 /root/buildroot-2021.05.1/output/host/x86_64-buildroot-linux-uclibc/sysroot/usr/lib/../lib64/Scrt1.o
 .rela.text.bcast_or_ucast
                0x00000000000039c0        0x0 /root/buildroot-2021.05.1/output/host/x86_64-buildroot-linux-uclibc/sysroot/usr/lib/../lib64/Scrt1.o
 .rela.text.udhcp_recv_raw_packet
                0x00000000000039c0        0x0 /root/buildroot-2021.05.1/output/host/x86_64-buildroot-linux-uclibc/sysroot/usr/lib/../lib64/Scrt1.o
 .rela.text.client_background
                0x00000000000039c0        0x0 /root/buildroot-2021.05.1/output/host/x86_64-buildroot-linux-uclibc/sysroot/usr/lib/../lib64/Scrt1.o
 .rela.text.putenvp
                0x00000000000039c0        0x0 /root/buildroot-2021.05.1/output/host/x86_64-buildroot-linux-uclibc/sysroot/usr/lib/../lib64/Scrt1.o
 .rela.text.change_listen_mode
                0x00000000000039c0        0x0 /root/buildroot-2021.05.1/output/host/x86_64-buildroot-linux-uclibc/sysroot/usr/lib/../lib64/Scrt1.o
 .rela.text.udhcp_run_script
                0x00000000000039c0        0x0 /root/buildroot-2021.05.1/output/host/x86_64-buildroot-linux-uclibc/sysroot/usr/lib/../lib64/Scrt1.o
 .rela.text.perform_release
                0x00000000000039c0        0x0 /root/buildroot-2021.05.1/output/host/x86_64-buildroot-linux-uclibc/sysroot/usr/lib/../lib64/Scrt1.o
 .rela.text.udhcpc_main
                0x00000000000039c0        0x0 /root/buildroot-2021.05.1/output/host/x86_64-buildroot-linux-uclibc/sysroot/usr/lib/../lib64/Scrt1.o
 .rela.text.signal_handler
                0x00000000000039c0        0x0 /root/buildroot-2021.05.1/output/host/x86_64-buildroot-linux-uclibc/sysroot/usr/lib/../lib64/Scrt1.o
 .rela.text.attach_option
                0x00000000000039c0        0x0 /root/buildroot-2021.05.1/output/host/x86_64-buildroot-linux-uclibc/sysroot/usr/lib/../lib64/Scrt1.o
 .rela.text.udhcp_str2optset
                0x00000000000039c0        0x0 /root/buildroot-2021.05.1/output/host/x86_64-buildroot-linux-uclibc/sysroot/usr/lib/../lib64/Scrt1.o
 .rela.text.search_dev_inode
                0x00000000000039c0        0x0 /root/buildroot-2021.05.1/output/host/x86_64-buildroot-linux-uclibc/sysroot/usr/lib/../lib64/Scrt1.o
 .rela.text.add_inode
                0x00000000000039c0        0x0 /root/buildroot-2021.05.1/output/host/x86_64-buildroot-linux-uclibc/sysroot/usr/lib/../lib64/Scrt1.o
 .rela.text.scan_proc_net_or_maps
                0x00000000000039c0        0x0 /root/buildroot-2021.05.1/output/host/x86_64-buildroot-linux-uclibc/sysroot/usr/lib/../lib64/Scrt1.o
 .rela.text.scan_recursive
                0x00000000000039c0        0x0 /root/buildroot-2021.05.1/output/host/x86_64-buildroot-linux-uclibc/sysroot/usr/lib/../lib64/Scrt1.o
 .rela.text.fuser_main
                0x00000000000039c0        0x0 /root/buildroot-2021.05.1/output/host/x86_64-buildroot-linux-uclibc/sysroot/usr/lib/../lib64/Scrt1.o
 .rela.text.kill_main
                0x00000000000039c0        0x0 /root/buildroot-2021.05.1/output/host/x86_64-buildroot-linux-uclibc/sysroot/usr/lib/../lib64/Scrt1.o
 .rela.text.pidof_main
                0x00000000000039c0        0x0 /root/buildroot-2021.05.1/output/host/x86_64-buildroot-linux-uclibc/sysroot/usr/lib/../lib64/Scrt1.o
 .rela.text.new_out_t
                0x00000000000039c0        0x0 /root/buildroot-2021.05.1/output/host/x86_64-buildroot-linux-uclibc/sysroot/usr/lib/../lib64/Scrt1.o
 .rela.text.parse_o
                0x00000000000039c0        0x0 /root/buildroot-2021.05.1/output/host/x86_64-buildroot-linux-uclibc/sysroot/usr/lib/../lib64/Scrt1.o
 .rela.text.ps_main
                0x00000000000039c0        0x0 /root/buildroot-2021.05.1/output/host/x86_64-buildroot-linux-uclibc/sysroot/usr/lib/../lib64/Scrt1.o
 .rela.text.sysctl_act_on_setting
                0x00000000000039c0        0x0 /root/buildroot-2021.05.1/output/host/x86_64-buildroot-linux-uclibc/sysroot/usr/lib/../lib64/Scrt1.o
 .rela.text.sysctl_act_recursive
                0x00000000000039c0        0x0 /root/buildroot-2021.05.1/output/host/x86_64-buildroot-linux-uclibc/sysroot/usr/lib/../lib64/Scrt1.o
 .rela.text.sysctl_main
                0x00000000000039c0        0x0 /root/buildroot-2021.05.1/output/host/x86_64-buildroot-linux-uclibc/sysroot/usr/lib/../lib64/Scrt1.o
 .rela.text.mult_lvl_cmp
                0x00000000000039c0        0x0 /root/buildroot-2021.05.1/output/host/x86_64-buildroot-linux-uclibc/sysroot/usr/lib/../lib64/Scrt1.o
 .rela.text.read_cpu_jiffy
                0x00000000000039c0        0x0 /root/buildroot-2021.05.1/output/host/x86_64-buildroot-linux-uclibc/sysroot/usr/lib/../lib64/Scrt1.o
 .rela.text.do_stats
                0x00000000000039c0        0x0 /root/buildroot-2021.05.1/output/host/x86_64-buildroot-linux-uclibc/sysroot/usr/lib/../lib64/Scrt1.o
 .rela.text.display_process_list
                0x00000000000039c0        0x0 /root/buildroot-2021.05.1/output/host/x86_64-buildroot-linux-uclibc/sysroot/usr/lib/../lib64/Scrt1.o
 .rela.text.handle_input
                0x00000000000039c0        0x0 /root/buildroot-2021.05.1/output/host/x86_64-buildroot-linux-uclibc/sysroot/usr/lib/../lib64/Scrt1.o
 .rela.text.clearmems
                0x00000000000039c0        0x0 /root/buildroot-2021.05.1/output/host/x86_64-buildroot-linux-uclibc/sysroot/usr/lib/../lib64/Scrt1.o
 .rela.text.reset_term
                0x00000000000039c0        0x0 /root/buildroot-2021.05.1/output/host/x86_64-buildroot-linux-uclibc/sysroot/usr/lib/../lib64/Scrt1.o
 .rela.text.top_main
                0x00000000000039c0        0x0 /root/buildroot-2021.05.1/output/host/x86_64-buildroot-linux-uclibc/sysroot/usr/lib/../lib64/Scrt1.o
 .rela.text.watch_main
                0x00000000000039c0        0x0 /root/buildroot-2021.05.1/output/host/x86_64-buildroot-linux-uclibc/sysroot/usr/lib/../lib64/Scrt1.o
 .rela.text.out
                0x00000000000039c0        0x0 /root/buildroot-2021.05.1/output/host/x86_64-buildroot-linux-uclibc/sysroot/usr/lib/../lib64/Scrt1.o
 .rela.text.warn
                0x00000000000039c0        0x0 /root/buildroot-2021.05.1/output/host/x86_64-buildroot-linux-uclibc/sysroot/usr/lib/../lib64/Scrt1.o
 .rela.text.fail
                0x00000000000039c0        0x0 /root/buildroot-2021.05.1/output/host/x86_64-buildroot-linux-uclibc/sysroot/usr/lib/../lib64/Scrt1.o
 .rela.text.checkscript
                0x00000000000039c0        0x0 /root/buildroot-2021.05.1/output/host/x86_64-buildroot-linux-uclibc/sysroot/usr/lib/../lib64/Scrt1.o
 .rela.text.svstatus_print
                0x00000000000039c0        0x0 /root/buildroot-2021.05.1/output/host/x86_64-buildroot-linux-uclibc/sysroot/usr/lib/../lib64/Scrt1.o
 .rela.text.svstatus_get
                0x00000000000039c0        0x0 /root/buildroot-2021.05.1/output/host/x86_64-buildroot-linux-uclibc/sysroot/usr/lib/../lib64/Scrt1.o
 .rela.text.status
                0x00000000000039c0        0x0 /root/buildroot-2021.05.1/output/host/x86_64-buildroot-linux-uclibc/sysroot/usr/lib/../lib64/Scrt1.o
 .rela.text.check
                0x00000000000039c0        0x0 /root/buildroot-2021.05.1/output/host/x86_64-buildroot-linux-uclibc/sysroot/usr/lib/../lib64/Scrt1.o
 .rela.text.control
                0x00000000000039c0        0x0 /root/buildroot-2021.05.1/output/host/x86_64-buildroot-linux-uclibc/sysroot/usr/lib/../lib64/Scrt1.o
 .rela.text.svc_main
                0x00000000000039c0        0x0 /root/buildroot-2021.05.1/output/host/x86_64-buildroot-linux-uclibc/sysroot/usr/lib/../lib64/Scrt1.o
 .rela.text.svok_main
                0x00000000000039c0        0x0 /root/buildroot-2021.05.1/output/host/x86_64-buildroot-linux-uclibc/sysroot/usr/lib/../lib64/Scrt1.o
 .rela.text.hashvar
                0x00000000000039c0        0x0 /root/buildroot-2021.05.1/output/host/x86_64-buildroot-linux-uclibc/sysroot/usr/lib/../lib64/Scrt1.o
 .rela.text.getstatus
                0x00000000000039c0        0x0 /root/buildroot-2021.05.1/output/host/x86_64-buildroot-linux-uclibc/sysroot/usr/lib/../lib64/Scrt1.o
 .rela.text.bltincmd
                0x00000000000039c0        0x0 /root/buildroot-2021.05.1/output/host/x86_64-buildroot-linux-uclibc/sysroot/usr/lib/../lib64/Scrt1.o
 .rela.text.pushredir
                0x00000000000039c0        0x0 /root/buildroot-2021.05.1/output/host/x86_64-buildroot-linux-uclibc/sysroot/usr/lib/../lib64/Scrt1.o
 .rela.text.raise_exception
                0x00000000000039c0        0x0 /root/buildroot-2021.05.1/output/host/x86_64-buildroot-linux-uclibc/sysroot/usr/lib/../lib64/Scrt1.o
 .rela.text.setparam
                0x00000000000039c0        0x0 /root/buildroot-2021.05.1/output/host/x86_64-buildroot-linux-uclibc/sysroot/usr/lib/../lib64/Scrt1.o
 .rela.text.dup_CLOEXEC
                0x00000000000039c0        0x0 /root/buildroot-2021.05.1/output/host/x86_64-buildroot-linux-uclibc/sysroot/usr/lib/../lib64/Scrt1.o
 .rela.text.ignoresig
                0x00000000000039c0        0x0 /root/buildroot-2021.05.1/output/host/x86_64-buildroot-linux-uclibc/sysroot/usr/lib/../lib64/Scrt1.o
 .rela.text.raise_interrupt
                0x00000000000039c0        0x0 /root/buildroot-2021.05.1/output/host/x86_64-buildroot-linux-uclibc/sysroot/usr/lib/../lib64/Scrt1.o
 .rela.text.force_int_on
                0x00000000000039c0        0x0 /root/buildroot-2021.05.1/output/host/x86_64-buildroot-linux-uclibc/sysroot/usr/lib/../lib64/Scrt1.o
 .rela.text.int_on
                0x00000000000039c0        0x0 /root/buildroot-2021.05.1/output/host/x86_64-buildroot-linux-uclibc/sysroot/usr/lib/../lib64/Scrt1.o
 .rela.text.flush_stdout_stderr
                0x00000000000039c0        0x0 /root/buildroot-2021.05.1/output/host/x86_64-buildroot-linux-uclibc/sysroot/usr/lib/../lib64/Scrt1.o
 .rela.text.clearcmdentry
                0x00000000000039c0        0x0 /root/buildroot-2021.05.1/output/host/x86_64-buildroot-linux-uclibc/sysroot/usr/lib/../lib64/Scrt1.o
 .rela.text.ifsfree
                0x00000000000039c0        0x0 /root/buildroot-2021.05.1/output/host/x86_64-buildroot-linux-uclibc/sysroot/usr/lib/../lib64/Scrt1.o
 .rela.text.unalias
                0x00000000000039c0        0x0 /root/buildroot-2021.05.1/output/host/x86_64-buildroot-linux-uclibc/sysroot/usr/lib/../lib64/Scrt1.o
 .rela.text.popstring
                0x00000000000039c0        0x0 /root/buildroot-2021.05.1/output/host/x86_64-buildroot-linux-uclibc/sysroot/usr/lib/../lib64/Scrt1.o
 .rela.text.popfile
                0x00000000000039c0        0x0 /root/buildroot-2021.05.1/output/host/x86_64-buildroot-linux-uclibc/sysroot/usr/lib/../lib64/Scrt1.o
 .rela.text.fmtstr
                0x00000000000039c0        0x0 /root/buildroot-2021.05.1/output/host/x86_64-buildroot-linux-uclibc/sysroot/usr/lib/../lib64/Scrt1.o
 .rela.text.lookupvar
                0x00000000000039c0        0x0 /root/buildroot-2021.05.1/output/host/x86_64-buildroot-linux-uclibc/sysroot/usr/lib/../lib64/Scrt1.o
 .rela.text.out2str
                0x00000000000039c0        0x0 /root/buildroot-2021.05.1/output/host/x86_64-buildroot-linux-uclibc/sysroot/usr/lib/../lib64/Scrt1.o
 .rela.text.stoppedjobs
                0x00000000000039c0        0x0 /root/buildroot-2021.05.1/output/host/x86_64-buildroot-linux-uclibc/sysroot/usr/lib/../lib64/Scrt1.o
 .rela.text.dowait
                0x00000000000039c0        0x0 /root/buildroot-2021.05.1/output/host/x86_64-buildroot-linux-uclibc/sysroot/usr/lib/../lib64/Scrt1.o
 .rela.text.delete_cmd_entry
                0x00000000000039c0        0x0 /root/buildroot-2021.05.1/output/host/x86_64-buildroot-linux-uclibc/sysroot/usr/lib/../lib64/Scrt1.o
 .rela.text.out1fmt
                0x00000000000039c0        0x0 /root/buildroot-2021.05.1/output/host/x86_64-buildroot-linux-uclibc/sysroot/usr/lib/../lib64/Scrt1.o
 .rela.text.recordregion
                0x00000000000039c0        0x0 /root/buildroot-2021.05.1/output/host/x86_64-buildroot-linux-uclibc/sysroot/usr/lib/../lib64/Scrt1.o
 .rela.text.removerecordregions
                0x00000000000039c0        0x0 /root/buildroot-2021.05.1/output/host/x86_64-buildroot-linux-uclibc/sysroot/usr/lib/../lib64/Scrt1.o
 .rela.text.freejob
                0x00000000000039c0        0x0 /root/buildroot-2021.05.1/output/host/x86_64-buildroot-linux-uclibc/sysroot/usr/lib/../lib64/Scrt1.o
 .rela.text.setinputstring
                0x00000000000039c0        0x0 /root/buildroot-2021.05.1/output/host/x86_64-buildroot-linux-uclibc/sysroot/usr/lib/../lib64/Scrt1.o
 .rela.text.pushstring
                0x00000000000039c0        0x0 /root/buildroot-2021.05.1/output/host/x86_64-buildroot-linux-uclibc/sysroot/usr/lib/../lib64/Scrt1.o
 .rela.text.popstackmark
                0x00000000000039c0        0x0 /root/buildroot-2021.05.1/output/host/x86_64-buildroot-linux-uclibc/sysroot/usr/lib/../lib64/Scrt1.o
 .rela.text.tryexec
                0x00000000000039c0        0x0 /root/buildroot-2021.05.1/output/host/x86_64-buildroot-linux-uclibc/sysroot/usr/lib/../lib64/Scrt1.o
 .rela.text.setsignal
                0x00000000000039c0        0x0 /root/buildroot-2021.05.1/output/host/x86_64-buildroot-linux-uclibc/sysroot/usr/lib/../lib64/Scrt1.o
 .rela.text.newline_and_flush
                0x00000000000039c0        0x0 /root/buildroot-2021.05.1/output/host/x86_64-buildroot-linux-uclibc/sysroot/usr/lib/../lib64/Scrt1.o
 .rela.text.ash_vmsg
                0x00000000000039c0        0x0 /root/buildroot-2021.05.1/output/host/x86_64-buildroot-linux-uclibc/sysroot/usr/lib/../lib64/Scrt1.o
 .rela.text.ash_msg_and_raise_error
                0x00000000000039c0        0x0 /root/buildroot-2021.05.1/output/host/x86_64-buildroot-linux-uclibc/sysroot/usr/lib/../lib64/Scrt1.o
 .rela.text.getoptsreset
                0x00000000000039c0        0x0 /root/buildroot-2021.05.1/output/host/x86_64-buildroot-linux-uclibc/sysroot/usr/lib/../lib64/Scrt1.o
 .rela.text.shiftcmd
                0x00000000000039c0        0x0 /root/buildroot-2021.05.1/output/host/x86_64-buildroot-linux-uclibc/sysroot/usr/lib/../lib64/Scrt1.o
 .rela.text.returncmd
                0x00000000000039c0        0x0 /root/buildroot-2021.05.1/output/host/x86_64-buildroot-linux-uclibc/sysroot/usr/lib/../lib64/Scrt1.o
 .rela.text.exitcmd
                0x00000000000039c0        0x0 /root/buildroot-2021.05.1/output/host/x86_64-buildroot-linux-uclibc/sysroot/usr/lib/../lib64/Scrt1.o
 .rela.text.popredir
                0x00000000000039c0        0x0 /root/buildroot-2021.05.1/output/host/x86_64-buildroot-linux-uclibc/sysroot/usr/lib/../lib64/Scrt1.o
 .rela.text.exitreset
                0x00000000000039c0        0x0 /root/buildroot-2021.05.1/output/host/x86_64-buildroot-linux-uclibc/sysroot/usr/lib/../lib64/Scrt1.o
 .rela.text.unaliascmd
                0x00000000000039c0        0x0 /root/buildroot-2021.05.1/output/host/x86_64-buildroot-linux-uclibc/sysroot/usr/lib/../lib64/Scrt1.o
 .rela.text.waitcmd
                0x00000000000039c0        0x0 /root/buildroot-2021.05.1/output/host/x86_64-buildroot-linux-uclibc/sysroot/usr/lib/../lib64/Scrt1.o
 .rela.text.umaskcmd
                0x00000000000039c0        0x0 /root/buildroot-2021.05.1/output/host/x86_64-buildroot-linux-uclibc/sysroot/usr/lib/../lib64/Scrt1.o
 .rela.text.stalloc
                0x00000000000039c0        0x0 /root/buildroot-2021.05.1/output/host/x86_64-buildroot-linux-uclibc/sysroot/usr/lib/../lib64/Scrt1.o
 .rela.text.pushstackmark
                0x00000000000039c0        0x0 /root/buildroot-2021.05.1/output/host/x86_64-buildroot-linux-uclibc/sysroot/usr/lib/../lib64/Scrt1.o
 .rela.text.setstackmark
                0x00000000000039c0        0x0 /root/buildroot-2021.05.1/output/host/x86_64-buildroot-linux-uclibc/sysroot/usr/lib/../lib64/Scrt1.o
 .rela.text.expmeta
                0x00000000000039c0        0x0 /root/buildroot-2021.05.1/output/host/x86_64-buildroot-linux-uclibc/sysroot/usr/lib/../lib64/Scrt1.o
 .rela.text.growstackblock
                0x00000000000039c0        0x0 /root/buildroot-2021.05.1/output/host/x86_64-buildroot-linux-uclibc/sysroot/usr/lib/../lib64/Scrt1.o
 .rela.text.growstackto
                0x00000000000039c0        0x0 /root/buildroot-2021.05.1/output/host/x86_64-buildroot-linux-uclibc/sysroot/usr/lib/../lib64/Scrt1.o
 .rela.text.makestrspace
                0x00000000000039c0        0x0 /root/buildroot-2021.05.1/output/host/x86_64-buildroot-linux-uclibc/sysroot/usr/lib/../lib64/Scrt1.o
 .rela.text.single_quote
                0x00000000000039c0        0x0 /root/buildroot-2021.05.1/output/host/x86_64-buildroot-linux-uclibc/sysroot/usr/lib/../lib64/Scrt1.o
 .rela.text.aliascmd
                0x00000000000039c0        0x0 /root/buildroot-2021.05.1/output/host/x86_64-buildroot-linux-uclibc/sysroot/usr/lib/../lib64/Scrt1.o
 .rela.text.rmescapes
                0x00000000000039c0        0x0 /root/buildroot-2021.05.1/output/host/x86_64-buildroot-linux-uclibc/sysroot/usr/lib/../lib64/Scrt1.o
 .rela.text.growstackstr
                0x00000000000039c0        0x0 /root/buildroot-2021.05.1/output/host/x86_64-buildroot-linux-uclibc/sysroot/usr/lib/../lib64/Scrt1.o
 .rela.text._STPUTC
                0x00000000000039c0        0x0 /root/buildroot-2021.05.1/output/host/x86_64-buildroot-linux-uclibc/sysroot/usr/lib/../lib64/Scrt1.o
 .rela.text.listvars
                0x00000000000039c0        0x0 /root/buildroot-2021.05.1/output/host/x86_64-buildroot-linux-uclibc/sysroot/usr/lib/../lib64/Scrt1.o
 .rela.text.showvars
                0x00000000000039c0        0x0 /root/buildroot-2021.05.1/output/host/x86_64-buildroot-linux-uclibc/sysroot/usr/lib/../lib64/Scrt1.o
 .rela.text.setinputfile
                0x00000000000039c0        0x0 /root/buildroot-2021.05.1/output/host/x86_64-buildroot-linux-uclibc/sysroot/usr/lib/../lib64/Scrt1.o
 .rela.text.raise_error_syntax
                0x00000000000039c0        0x0 /root/buildroot-2021.05.1/output/host/x86_64-buildroot-linux-uclibc/sysroot/usr/lib/../lib64/Scrt1.o
 .rela.text.ash_arith
                0x00000000000039c0        0x0 /root/buildroot-2021.05.1/output/host/x86_64-buildroot-linux-uclibc/sysroot/usr/lib/../lib64/Scrt1.o
 .rela.text.waitforjob
                0x00000000000039c0        0x0 /root/buildroot-2021.05.1/output/host/x86_64-buildroot-linux-uclibc/sysroot/usr/lib/../lib64/Scrt1.o
 .rela.text.forkchild
                0x00000000000039c0        0x0 /root/buildroot-2021.05.1/output/host/x86_64-buildroot-linux-uclibc/sysroot/usr/lib/../lib64/Scrt1.o
 .rela.text.xdup_CLOEXEC_and_close
                0x00000000000039c0        0x0 /root/buildroot-2021.05.1/output/host/x86_64-buildroot-linux-uclibc/sysroot/usr/lib/../lib64/Scrt1.o
 .rela.text.readcmd
                0x00000000000039c0        0x0 /root/buildroot-2021.05.1/output/host/x86_64-buildroot-linux-uclibc/sysroot/usr/lib/../lib64/Scrt1.o
 .rela.text.trapcmd
                0x00000000000039c0        0x0 /root/buildroot-2021.05.1/output/host/x86_64-buildroot-linux-uclibc/sysroot/usr/lib/../lib64/Scrt1.o
 .rela.text.options
                0x00000000000039c0        0x0 /root/buildroot-2021.05.1/output/host/x86_64-buildroot-linux-uclibc/sysroot/usr/lib/../lib64/Scrt1.o
 .rela.text.setjobctl
                0x00000000000039c0        0x0 /root/buildroot-2021.05.1/output/host/x86_64-buildroot-linux-uclibc/sysroot/usr/lib/../lib64/Scrt1.o
 .rela.text.optschanged
                0x00000000000039c0        0x0 /root/buildroot-2021.05.1/output/host/x86_64-buildroot-linux-uclibc/sysroot/usr/lib/../lib64/Scrt1.o
 .rela.text.setcmd
                0x00000000000039c0        0x0 /root/buildroot-2021.05.1/output/host/x86_64-buildroot-linux-uclibc/sysroot/usr/lib/../lib64/Scrt1.o
 .rela.text.showjob
                0x00000000000039c0        0x0 /root/buildroot-2021.05.1/output/host/x86_64-buildroot-linux-uclibc/sysroot/usr/lib/../lib64/Scrt1.o
 .rela.text.helpcmd
                0x00000000000039c0        0x0 /root/buildroot-2021.05.1/output/host/x86_64-buildroot-linux-uclibc/sysroot/usr/lib/../lib64/Scrt1.o
 .rela.text.varvalue
                0x00000000000039c0        0x0 /root/buildroot-2021.05.1/output/host/x86_64-buildroot-linux-uclibc/sysroot/usr/lib/../lib64/Scrt1.o
 .rela.text.forkshell
                0x00000000000039c0        0x0 /root/buildroot-2021.05.1/output/host/x86_64-buildroot-linux-uclibc/sysroot/usr/lib/../lib64/Scrt1.o
 .rela.text.shellexec
                0x00000000000039c0        0x0 /root/buildroot-2021.05.1/output/host/x86_64-buildroot-linux-uclibc/sysroot/usr/lib/../lib64/Scrt1.o
 .rela.text.execcmd
                0x00000000000039c0        0x0 /root/buildroot-2021.05.1/output/host/x86_64-buildroot-linux-uclibc/sysroot/usr/lib/../lib64/Scrt1.o
 .rela.text.out1str
                0x00000000000039c0        0x0 /root/buildroot-2021.05.1/output/host/x86_64-buildroot-linux-uclibc/sysroot/usr/lib/../lib64/Scrt1.o
 .rela.text.fg_bgcmd
                0x00000000000039c0        0x0 /root/buildroot-2021.05.1/output/host/x86_64-buildroot-linux-uclibc/sysroot/usr/lib/../lib64/Scrt1.o
 .rela.text.setvareq
                0x00000000000039c0        0x0 /root/buildroot-2021.05.1/output/host/x86_64-buildroot-linux-uclibc/sysroot/usr/lib/../lib64/Scrt1.o
 .rela.text.setvar
                0x00000000000039c0        0x0 /root/buildroot-2021.05.1/output/host/x86_64-buildroot-linux-uclibc/sysroot/usr/lib/../lib64/Scrt1.o
 .rela.text.change_realtime
                0x00000000000039c0        0x0 /root/buildroot-2021.05.1/output/host/x86_64-buildroot-linux-uclibc/sysroot/usr/lib/../lib64/Scrt1.o
 .rela.text.change_seconds
                0x00000000000039c0        0x0 /root/buildroot-2021.05.1/output/host/x86_64-buildroot-linux-uclibc/sysroot/usr/lib/../lib64/Scrt1.o
 .rela.text.change_random
                0x00000000000039c0        0x0 /root/buildroot-2021.05.1/output/host/x86_64-buildroot-linux-uclibc/sysroot/usr/lib/../lib64/Scrt1.o
 .rela.text.setpwd
                0x00000000000039c0        0x0 /root/buildroot-2021.05.1/output/host/x86_64-buildroot-linux-uclibc/sysroot/usr/lib/../lib64/Scrt1.o
 .rela.text.pwdcmd
                0x00000000000039c0        0x0 /root/buildroot-2021.05.1/output/host/x86_64-buildroot-linux-uclibc/sysroot/usr/lib/../lib64/Scrt1.o
 .rela.text.cdcmd
                0x00000000000039c0        0x0 /root/buildroot-2021.05.1/output/host/x86_64-buildroot-linux-uclibc/sysroot/usr/lib/../lib64/Scrt1.o
 .rela.text.unwindlocalvars
                0x00000000000039c0        0x0 /root/buildroot-2021.05.1/output/host/x86_64-buildroot-linux-uclibc/sysroot/usr/lib/../lib64/Scrt1.o
 .rela.text.subevalvar
                0x00000000000039c0        0x0 /root/buildroot-2021.05.1/output/host/x86_64-buildroot-linux-uclibc/sysroot/usr/lib/../lib64/Scrt1.o
 .rela.text.evalvar
                0x00000000000039c0        0x0 /root/buildroot-2021.05.1/output/host/x86_64-buildroot-linux-uclibc/sysroot/usr/lib/../lib64/Scrt1.o
 .rela.text.argstr
                0x00000000000039c0        0x0 /root/buildroot-2021.05.1/output/host/x86_64-buildroot-linux-uclibc/sysroot/usr/lib/../lib64/Scrt1.o
 .rela.text.expandarg
                0x00000000000039c0        0x0 /root/buildroot-2021.05.1/output/host/x86_64-buildroot-linux-uclibc/sysroot/usr/lib/../lib64/Scrt1.o
 .rela.text.redirect
                0x00000000000039c0        0x0 /root/buildroot-2021.05.1/output/host/x86_64-buildroot-linux-uclibc/sysroot/usr/lib/../lib64/Scrt1.o
 .rela.text.redirectsafe.constprop.0
                0x00000000000039c0        0x0 /root/buildroot-2021.05.1/output/host/x86_64-buildroot-linux-uclibc/sysroot/usr/lib/../lib64/Scrt1.o
 .rela.text.expredir
                0x00000000000039c0        0x0 /root/buildroot-2021.05.1/output/host/x86_64-buildroot-linux-uclibc/sysroot/usr/lib/../lib64/Scrt1.o
 .rela.text.expandstr
                0x00000000000039c0        0x0 /root/buildroot-2021.05.1/output/host/x86_64-buildroot-linux-uclibc/sysroot/usr/lib/../lib64/Scrt1.o
 .rela.text.setprompt_if
                0x00000000000039c0        0x0 /root/buildroot-2021.05.1/output/host/x86_64-buildroot-linux-uclibc/sysroot/usr/lib/../lib64/Scrt1.o
 .rela.text.evalstring
                0x00000000000039c0        0x0 /root/buildroot-2021.05.1/output/host/x86_64-buildroot-linux-uclibc/sysroot/usr/lib/../lib64/Scrt1.o
 .rela.text.exitshell
                0x00000000000039c0        0x0 /root/buildroot-2021.05.1/output/host/x86_64-buildroot-linux-uclibc/sysroot/usr/lib/../lib64/Scrt1.o
 .rela.text.pgetc
                0x00000000000039c0        0x0 /root/buildroot-2021.05.1/output/host/x86_64-buildroot-linux-uclibc/sysroot/usr/lib/../lib64/Scrt1.o
 .rela.text.readtoken1
                0x00000000000039c0        0x0 /root/buildroot-2021.05.1/output/host/x86_64-buildroot-linux-uclibc/sysroot/usr/lib/../lib64/Scrt1.o
 .rela.text.parsefname
                0x00000000000039c0        0x0 /root/buildroot-2021.05.1/output/host/x86_64-buildroot-linux-uclibc/sysroot/usr/lib/../lib64/Scrt1.o
 .rela.text.evalbltin
                0x00000000000039c0        0x0 /root/buildroot-2021.05.1/output/host/x86_64-buildroot-linux-uclibc/sysroot/usr/lib/../lib64/Scrt1.o
 .rela.text.dotrap
                0x00000000000039c0        0x0 /root/buildroot-2021.05.1/output/host/x86_64-buildroot-linux-uclibc/sysroot/usr/lib/../lib64/Scrt1.o
 .rela.text.evaltree
                0x00000000000039c0        0x0 /root/buildroot-2021.05.1/output/host/x86_64-buildroot-linux-uclibc/sysroot/usr/lib/../lib64/Scrt1.o
 .rela.text.evalsubshell
                0x00000000000039c0        0x0 /root/buildroot-2021.05.1/output/host/x86_64-buildroot-linux-uclibc/sysroot/usr/lib/../lib64/Scrt1.o
 .rela.text.evalfun
                0x00000000000039c0        0x0 /root/buildroot-2021.05.1/output/host/x86_64-buildroot-linux-uclibc/sysroot/usr/lib/../lib64/Scrt1.o
 .rela.text.cmdloop
                0x00000000000039c0        0x0 /root/buildroot-2021.05.1/output/host/x86_64-buildroot-linux-uclibc/sysroot/usr/lib/../lib64/Scrt1.o
 .rela.text.find_command
                0x00000000000039c0        0x0 /root/buildroot-2021.05.1/output/host/x86_64-buildroot-linux-uclibc/sysroot/usr/lib/../lib64/Scrt1.o
 .rela.text.describe_command
                0x00000000000039c0        0x0 /root/buildroot-2021.05.1/output/host/x86_64-buildroot-linux-uclibc/sysroot/usr/lib/../lib64/Scrt1.o
 .rela.text.evalpipe
                0x00000000000039c0        0x0 /root/buildroot-2021.05.1/output/host/x86_64-buildroot-linux-uclibc/sysroot/usr/lib/../lib64/Scrt1.o
 .rela.text.hashcmd
                0x00000000000039c0        0x0 /root/buildroot-2021.05.1/output/host/x86_64-buildroot-linux-uclibc/sysroot/usr/lib/../lib64/Scrt1.o
 .rela.text.dotcmd
                0x00000000000039c0        0x0 /root/buildroot-2021.05.1/output/host/x86_64-buildroot-linux-uclibc/sysroot/usr/lib/../lib64/Scrt1.o
 .rela.text.evalcase
                0x00000000000039c0        0x0 /root/buildroot-2021.05.1/output/host/x86_64-buildroot-linux-uclibc/sysroot/usr/lib/../lib64/Scrt1.o
 .rela.text.evalfor
                0x00000000000039c0        0x0 /root/buildroot-2021.05.1/output/host/x86_64-buildroot-linux-uclibc/sysroot/usr/lib/../lib64/Scrt1.o
 .rela.text.getoptscmd
                0x00000000000039c0        0x0 /root/buildroot-2021.05.1/output/host/x86_64-buildroot-linux-uclibc/sysroot/usr/lib/../lib64/Scrt1.o
 .rela.text.mklocal
                0x00000000000039c0        0x0 /root/buildroot-2021.05.1/output/host/x86_64-buildroot-linux-uclibc/sysroot/usr/lib/../lib64/Scrt1.o
 .rela.text.evalcommand
                0x00000000000039c0        0x0 /root/buildroot-2021.05.1/output/host/x86_64-buildroot-linux-uclibc/sysroot/usr/lib/../lib64/Scrt1.o
 .rela.text.init
                0x00000000000039c0        0x0 /root/buildroot-2021.05.1/output/host/x86_64-buildroot-linux-uclibc/sysroot/usr/lib/../lib64/Scrt1.o
 .rela.text.ash_main
                0x00000000000039c0        0x0 /root/buildroot-2021.05.1/output/host/x86_64-buildroot-linux-uclibc/sysroot/usr/lib/../lib64/Scrt1.o
 .rela.text.evaluate_string
                0x00000000000039c0        0x0 /root/buildroot-2021.05.1/output/host/x86_64-buildroot-linux-uclibc/sysroot/usr/lib/../lib64/Scrt1.o
 .rela.text.shell_builtin_read
                0x00000000000039c0        0x0 /root/buildroot-2021.05.1/output/host/x86_64-buildroot-linux-uclibc/sysroot/usr/lib/../lib64/Scrt1.o
 .rela.text.shell_builtin_ulimit
                0x00000000000039c0        0x0 /root/buildroot-2021.05.1/output/host/x86_64-buildroot-linux-uclibc/sysroot/usr/lib/../lib64/Scrt1.o
 .rela.text.klogd_main
                0x00000000000039c0        0x0 /root/buildroot-2021.05.1/output/host/x86_64-buildroot-linux-uclibc/sysroot/usr/lib/../lib64/Scrt1.o
 .rela.text.timestamp_and_log
                0x00000000000039c0        0x0 /root/buildroot-2021.05.1/output/host/x86_64-buildroot-linux-uclibc/sysroot/usr/lib/../lib64/Scrt1.o
 .rela.text.timestamp_and_log_internal
                0x00000000000039c0        0x0 /root/buildroot-2021.05.1/output/host/x86_64-buildroot-linux-uclibc/sysroot/usr/lib/../lib64/Scrt1.o
 .rela.text.syslogd_main
                0x00000000000039c0        0x0 /root/buildroot-2021.05.1/output/host/x86_64-buildroot-linux-uclibc/sysroot/usr/lib/../lib64/Scrt1.o
 .rela.text.logger_main
                0x00000000000039c0        0x0 /root/buildroot-2021.05.1/output/host/x86_64-buildroot-linux-uclibc/sysroot/usr/lib/../lib64/Scrt1.o
 .rela.text.chrt_main
                0x00000000000039c0        0x0 /root/buildroot-2021.05.1/output/host/x86_64-buildroot-linux-uclibc/sysroot/usr/lib/../lib64/Scrt1.o
 .rela.text.dmesg_main
                0x00000000000039c0        0x0 /root/buildroot-2021.05.1/output/host/x86_64-buildroot-linux-uclibc/sysroot/usr/lib/../lib64/Scrt1.o
 .rela.text.eject_main
                0x00000000000039c0        0x0 /root/buildroot-2021.05.1/output/host/x86_64-buildroot-linux-uclibc/sysroot/usr/lib/../lib64/Scrt1.o
 .rela.text.fallocate_main
                0x00000000000039c0        0x0 /root/buildroot-2021.05.1/output/host/x86_64-buildroot-linux-uclibc/sysroot/usr/lib/../lib64/Scrt1.o
 .rela.text.fdformat_main
                0x00000000000039c0        0x0 /root/buildroot-2021.05.1/output/host/x86_64-buildroot-linux-uclibc/sysroot/usr/lib/../lib64/Scrt1.o
 .rela.text.set_hsc_start_end
                0x00000000000039c0        0x0 /root/buildroot-2021.05.1/output/host/x86_64-buildroot-linux-uclibc/sysroot/usr/lib/../lib64/Scrt1.o
 .rela.text.update_units
                0x00000000000039c0        0x0 /root/buildroot-2021.05.1/output/host/x86_64-buildroot-linux-uclibc/sysroot/usr/lib/../lib64/Scrt1.o
 .rela.text.wrong_p_order
                0x00000000000039c0        0x0 /root/buildroot-2021.05.1/output/host/x86_64-buildroot-linux-uclibc/sysroot/usr/lib/../lib64/Scrt1.o
 .rela.text.fill_bounds
                0x00000000000039c0        0x0 /root/buildroot-2021.05.1/output/host/x86_64-buildroot-linux-uclibc/sysroot/usr/lib/../lib64/Scrt1.o
 .rela.text.list_disk_geometry
                0x00000000000039c0        0x0 /root/buildroot-2021.05.1/output/host/x86_64-buildroot-linux-uclibc/sysroot/usr/lib/../lib64/Scrt1.o
 .rela.text.warn_cylinders
                0x00000000000039c0        0x0 /root/buildroot-2021.05.1/output/host/x86_64-buildroot-linux-uclibc/sysroot/usr/lib/../lib64/Scrt1.o
 .rela.text.warn_geometry
                0x00000000000039c0        0x0 /root/buildroot-2021.05.1/output/host/x86_64-buildroot-linux-uclibc/sysroot/usr/lib/../lib64/Scrt1.o
 .rela.text.menu
                0x00000000000039c0        0x0 /root/buildroot-2021.05.1/output/host/x86_64-buildroot-linux-uclibc/sysroot/usr/lib/../lib64/Scrt1.o
 .rela.text.fdisk_fatal
                0x00000000000039c0        0x0 /root/buildroot-2021.05.1/output/host/x86_64-buildroot-linux-uclibc/sysroot/usr/lib/../lib64/Scrt1.o
 .rela.text.seek_sector
                0x00000000000039c0        0x0 /root/buildroot-2021.05.1/output/host/x86_64-buildroot-linux-uclibc/sysroot/usr/lib/../lib64/Scrt1.o
 .rela.text.read_pte
                0x00000000000039c0        0x0 /root/buildroot-2021.05.1/output/host/x86_64-buildroot-linux-uclibc/sysroot/usr/lib/../lib64/Scrt1.o
 .rela.text.delete_partition
                0x00000000000039c0        0x0 /root/buildroot-2021.05.1/output/host/x86_64-buildroot-linux-uclibc/sysroot/usr/lib/../lib64/Scrt1.o
 .rela.text.read_line
                0x00000000000039c0        0x0 /root/buildroot-2021.05.1/output/host/x86_64-buildroot-linux-uclibc/sysroot/usr/lib/../lib64/Scrt1.o
 .rela.text.read_nonempty
                0x00000000000039c0        0x0 /root/buildroot-2021.05.1/output/host/x86_64-buildroot-linux-uclibc/sysroot/usr/lib/../lib64/Scrt1.o
 .rela.text.write_table
                0x00000000000039c0        0x0 /root/buildroot-2021.05.1/output/host/x86_64-buildroot-linux-uclibc/sysroot/usr/lib/../lib64/Scrt1.o
 .rela.text.read_int
                0x00000000000039c0        0x0 /root/buildroot-2021.05.1/output/host/x86_64-buildroot-linux-uclibc/sysroot/usr/lib/../lib64/Scrt1.o
 .rela.text.get_partition
                0x00000000000039c0        0x0 /root/buildroot-2021.05.1/output/host/x86_64-buildroot-linux-uclibc/sysroot/usr/lib/../lib64/Scrt1.o
 .rela.text.get_existing_partition
                0x00000000000039c0        0x0 /root/buildroot-2021.05.1/output/host/x86_64-buildroot-linux-uclibc/sysroot/usr/lib/../lib64/Scrt1.o
 .rela.text.get_nonexisting_partition
                0x00000000000039c0        0x0 /root/buildroot-2021.05.1/output/host/x86_64-buildroot-linux-uclibc/sysroot/usr/lib/../lib64/Scrt1.o
 .rela.text.check_consistency
                0x00000000000039c0        0x0 /root/buildroot-2021.05.1/output/host/x86_64-buildroot-linux-uclibc/sysroot/usr/lib/../lib64/Scrt1.o
 .rela.text.x_list_table
                0x00000000000039c0        0x0 /root/buildroot-2021.05.1/output/host/x86_64-buildroot-linux-uclibc/sysroot/usr/lib/../lib64/Scrt1.o
 .rela.text.verify
                0x00000000000039c0        0x0 /root/buildroot-2021.05.1/output/host/x86_64-buildroot-linux-uclibc/sysroot/usr/lib/../lib64/Scrt1.o
 .rela.text.list_table.isra.0
                0x00000000000039c0        0x0 /root/buildroot-2021.05.1/output/host/x86_64-buildroot-linux-uclibc/sysroot/usr/lib/../lib64/Scrt1.o
 .rela.text.add_partition
                0x00000000000039c0        0x0 /root/buildroot-2021.05.1/output/host/x86_64-buildroot-linux-uclibc/sysroot/usr/lib/../lib64/Scrt1.o
 .rela.text.add_logical
                0x00000000000039c0        0x0 /root/buildroot-2021.05.1/output/host/x86_64-buildroot-linux-uclibc/sysroot/usr/lib/../lib64/Scrt1.o
 .rela.text.get_boot
                0x00000000000039c0        0x0 /root/buildroot-2021.05.1/output/host/x86_64-buildroot-linux-uclibc/sysroot/usr/lib/../lib64/Scrt1.o
 .rela.text.create_doslabel
                0x00000000000039c0        0x0 /root/buildroot-2021.05.1/output/host/x86_64-buildroot-linux-uclibc/sysroot/usr/lib/../lib64/Scrt1.o
 .rela.text.open_list_and_close
                0x00000000000039c0        0x0 /root/buildroot-2021.05.1/output/host/x86_64-buildroot-linux-uclibc/sysroot/usr/lib/../lib64/Scrt1.o
 .rela.text.fdisk_main
                0x00000000000039c0        0x0 /root/buildroot-2021.05.1/output/host/x86_64-buildroot-linux-uclibc/sysroot/usr/lib/../lib64/Scrt1.o
 .rela.text.flock_main
                0x00000000000039c0        0x0 /root/buildroot-2021.05.1/output/host/x86_64-buildroot-linux-uclibc/sysroot/usr/lib/../lib64/Scrt1.o
 .rela.text.freeramdisk_main
                0x00000000000039c0        0x0 /root/buildroot-2021.05.1/output/host/x86_64-buildroot-linux-uclibc/sysroot/usr/lib/../lib64/Scrt1.o
 .rela.text.fsfreeze_main
                0x00000000000039c0        0x0 /root/buildroot-2021.05.1/output/host/x86_64-buildroot-linux-uclibc/sysroot/usr/lib/../lib64/Scrt1.o
 .rela.text.fstrim_main
                0x00000000000039c0        0x0 /root/buildroot-2021.05.1/output/host/x86_64-buildroot-linux-uclibc/sysroot/usr/lib/../lib64/Scrt1.o
 .rela.text.normalize
                0x00000000000039c0        0x0 /root/buildroot-2021.05.1/output/host/x86_64-buildroot-linux-uclibc/sysroot/usr/lib/../lib64/Scrt1.o
 .rela.text.generate_output
                0x00000000000039c0        0x0 /root/buildroot-2021.05.1/output/host/x86_64-buildroot-linux-uclibc/sysroot/usr/lib/../lib64/Scrt1.o
 .rela.text.getopt_main
                0x00000000000039c0        0x0 /root/buildroot-2021.05.1/output/host/x86_64-buildroot-linux-uclibc/sysroot/usr/lib/../lib64/Scrt1.o
 .rela.text.hexdump_main
                0x00000000000039c0        0x0 /root/buildroot-2021.05.1/output/host/x86_64-buildroot-linux-uclibc/sysroot/usr/lib/../lib64/Scrt1.o
 .rela.text.xxd_main
                0x00000000000039c0        0x0 /root/buildroot-2021.05.1/output/host/x86_64-buildroot-linux-uclibc/sysroot/usr/lib/../lib64/Scrt1.o
 .rela.text.ipcrm_main
                0x00000000000039c0        0x0 /root/buildroot-2021.05.1/output/host/x86_64-buildroot-linux-uclibc/sysroot/usr/lib/../lib64/Scrt1.o
 .rela.text.losetup_main
                0x00000000000039c0        0x0 /root/buildroot-2021.05.1/output/host/x86_64-buildroot-linux-uclibc/sysroot/usr/lib/../lib64/Scrt1.o
 .rela.text.fileAction
                0x00000000000039c0        0x0 /root/buildroot-2021.05.1/output/host/x86_64-buildroot-linux-uclibc/sysroot/usr/lib/../lib64/Scrt1.o
 .rela.text.initial_scan
                0x00000000000039c0        0x0 /root/buildroot-2021.05.1/output/host/x86_64-buildroot-linux-uclibc/sysroot/usr/lib/../lib64/Scrt1.o
 .rela.text.make_default_cur_rule
                0x00000000000039c0        0x0 /root/buildroot-2021.05.1/output/host/x86_64-buildroot-linux-uclibc/sysroot/usr/lib/../lib64/Scrt1.o
 .rela.text.clean_up_cur_rule
                0x00000000000039c0        0x0 /root/buildroot-2021.05.1/output/host/x86_64-buildroot-linux-uclibc/sysroot/usr/lib/../lib64/Scrt1.o
 .rela.text.make_device
                0x00000000000039c0        0x0 /root/buildroot-2021.05.1/output/host/x86_64-buildroot-linux-uclibc/sysroot/usr/lib/../lib64/Scrt1.o
 .rela.text.curtime
                0x00000000000039c0        0x0 /root/buildroot-2021.05.1/output/host/x86_64-buildroot-linux-uclibc/sysroot/usr/lib/../lib64/Scrt1.o
 .rela.text.process_action
                0x00000000000039c0        0x0 /root/buildroot-2021.05.1/output/host/x86_64-buildroot-linux-uclibc/sysroot/usr/lib/../lib64/Scrt1.o
 .rela.text.daemon_loop
                0x00000000000039c0        0x0 /root/buildroot-2021.05.1/output/host/x86_64-buildroot-linux-uclibc/sysroot/usr/lib/../lib64/Scrt1.o
 .rela.text.mdev_main
                0x00000000000039c0        0x0 /root/buildroot-2021.05.1/output/host/x86_64-buildroot-linux-uclibc/sysroot/usr/lib/../lib64/Scrt1.o
 .rela.text.mkfs_ext2_main
                0x00000000000039c0        0x0 /root/buildroot-2021.05.1/output/host/x86_64-buildroot-linux-uclibc/sysroot/usr/lib/../lib64/Scrt1.o
 .rela.text.mkfs_vfat_main
                0x00000000000039c0        0x0 /root/buildroot-2021.05.1/output/host/x86_64-buildroot-linux-uclibc/sysroot/usr/lib/../lib64/Scrt1.o
 .rela.text.mkswap_main
                0x00000000000039c0        0x0 /root/buildroot-2021.05.1/output/host/x86_64-buildroot-linux-uclibc/sysroot/usr/lib/../lib64/Scrt1.o
 .rela.text.get_wh
                0x00000000000039c0        0x0 /root/buildroot-2021.05.1/output/host/x86_64-buildroot-linux-uclibc/sysroot/usr/lib/../lib64/Scrt1.o
 .rela.text.gotsig
                0x00000000000039c0        0x0 /root/buildroot-2021.05.1/output/host/x86_64-buildroot-linux-uclibc/sysroot/usr/lib/../lib64/Scrt1.o
 .rela.text.more_main
                0x00000000000039c0        0x0 /root/buildroot-2021.05.1/output/host/x86_64-buildroot-linux-uclibc/sysroot/usr/lib/../lib64/Scrt1.o
 .rela.text.cut_out_ull_opt
                0x00000000000039c0        0x0 /root/buildroot-2021.05.1/output/host/x86_64-buildroot-linux-uclibc/sysroot/usr/lib/../lib64/Scrt1.o
 .rela.text.mount_it_now
                0x00000000000039c0        0x0 /root/buildroot-2021.05.1/output/host/x86_64-buildroot-linux-uclibc/sysroot/usr/lib/../lib64/Scrt1.o
 .rela.text.singlemount
                0x00000000000039c0        0x0 /root/buildroot-2021.05.1/output/host/x86_64-buildroot-linux-uclibc/sysroot/usr/lib/../lib64/Scrt1.o
 .rela.text.mount_main